<html>
<body>
<pre>
<h1>µVision Build Log</h1>
<h2>Tool Versions:</h2>
IDE-Version: ¦ÌVision V5.24.2.0
Copyright (C) 2017 ARM Ltd and ARM Germany GmbH. All rights reserved.
License Information: Jiang Runze, LoGic126, LIC=FYKYW-QULT5-BS2YX-HETFI-J6CJG-DWQ7F
 
Tool Versions:
Toolchain:       MDK-ARM Plus  Version: 5.24.1
Toolchain Path:  D:\Program Files (x86)\Keil\ARM\ARMCC\Bin
C Compiler:      Armcc.exe V5.06 update 5 (build 528)
Assembler:       Armasm.exe V5.06 update 5 (build 528)
Linker/Locator:  ArmLink.exe V5.06 update 5 (build 528)
Library Manager: ArmAr.exe V5.06 update 5 (build 528)
Hex Converter:   FromElf.exe V5.06 update 5 (build 528)
CPU DLL:         SARMCM3.DLL V5.24.1
Dialog DLL:      DCM.DLL V1.16.0.0
Target DLL:      CMSIS_AGDI.dll V1.28.3.0
Dialog DLL:      TCM.DLL V1.32.0.0
 
<h2>Project:</h2>
D:\E\Gxct\No1\Object\MDK-ARM\Source.uvprojx
Project File Date:  03/19/2025

<h2>Output:</h2>
*** Using Compiler 'V5.06 update 5 (build 528)', folder: 'D:\Program Files (x86)\Keil\ARM\ARMCC\Bin'
Build target 'Source'
compiling main.c...
../Src/main.c(116): warning:  #223-D: function "memcpy" declared implicitly
  	memcpy(Save_buffer,&myFloat,sizeof(myFloat));
../Src/main.c(123): warning:  #223-D: function "memcpy" declared implicitly
  	memcpy(&ReadFloat,Read_buffer,sizeof(ReadFloat));
../Src/main.c(124): warning:  #223-D: function "sprintf" declared implicitly
  	sprintf((char*)LCD_Str,"Read! v:%f",ReadFloat);
../Src/main.c(143): warning:  #223-D: function "sprintf" declared implicitly
  	sprintf((char*)LCD_Str,"R:%X",Mpc_Read());
../Src/main.c: 4 warnings, 0 errors
linking...
Program Size: Code=19584 RO-data=5112 RW-data=68 ZI-data=1556  
FromELF: creating hex file...
"Source\Source.axf" - 0 Error(s), 4 Warning(s).

<h2>Software Packages used:</h2>

Package Vendor: ARM
                http://www.keil.com/pack/ARM.CMSIS.5.0.1.pack
                ARM.CMSIS.5.0.1
                CMSIS (Cortex Microcontroller Software Interface Standard)
   * Component: CORE Version: 5.0.1

Package Vendor: Keil
                http://www.keil.com/pack/Keil.STM32G4xx_DFP.1.4.0.pack
                Keil.STM32G4xx_DFP.1.4.0
                STMicroelectronics STM32G4 Series Device Support, Drivers and Examples

<h2>Collection of Component include folders:</h2>
  .\RTE\_Source
  D:\Program Files (x86)\Keil\ARM\PACK\ARM\CMSIS\5.0.1\CMSIS\Include
  D:\Program Files (x86)\Keil\ARM\PACK\Keil\STM32G4xx_DFP\1.4.0\Drivers\CMSIS\Device\ST\STM32G4xx\Include

<h2>Collection of Component Files used:</h2>

   * Component: ARM::CMSIS:CORE:5.0.1
Build Time Elapsed:  00:00:02
</pre>
</body>
</html>
