Component: ARM Compiler 5.06 update 5 (build 528) Tool: armlink [4d35e2]

==============================================================================

Section Cross References

    main.o(i.HAL_TIM_IC_CaptureCallback) refers to stm32g4xx_hal_tim.o(i.HAL_TIM_ReadCapturedValue) for HAL_TIM_ReadCapturedValue
    main.o(i.HAL_TIM_IC_CaptureCallback) refers to main.o(.data) for .data
    main.o(i.HAL_TIM_IC_CaptureCallback) refers to bsp_pwm_in.o(.bss) for htim8
    main.o(i.HAL_UART_RxCpltCallback) refers to stm32g4xx_hal_uart.o(i.HAL_UART_Receive_IT) for HAL_UART_Receive_IT
    main.o(i.HAL_UART_RxCpltCallback) refers to main.o(.data) for .data
    main.o(i.HAL_UART_RxCpltCallback) refers to bsp_uart.o(.bss) for huart1
    main.o(i.Key1_Proc) refers to bsp_i2c.o(i.iic_24C02_Wirte) for iic_24C02_Wirte
    main.o(i.Key1_Proc) refers to bsp_lcd.o(i.LCD_DisplayStringLine) for LCD_DisplayStringLine
    main.o(i.Key1_Proc) refers to main.o(.data) for .data
    main.o(i.Key2_Proc) refers to bsp_i2c.o(i.iic_24C02_Read) for iic_24C02_Read
    main.o(i.Key2_Proc) refers to f2d.o(.text) for __aeabi_f2d
    main.o(i.Key2_Proc) refers to printfa.o(i.__0sprintf) for __2sprintf
    main.o(i.Key2_Proc) refers to bsp_lcd.o(i.LCD_DisplayStringLine) for LCD_DisplayStringLine
    main.o(i.Key2_Proc) refers to main.o(.data) for .data
    main.o(i.Key2_Proc) refers to main.o(.bss) for .bss
    main.o(i.Key3_Proc) refers to bsp_i2c.o(i.Mpc_Wirte) for Mpc_Wirte
    main.o(i.Key4_Proc) refers to bsp_i2c.o(i.Mpc_Wirte) for Mpc_Wirte
    main.o(i.Key_Proc) refers to bsp_led_key.o(i.Key_Scan) for Key_Scan
    main.o(i.Key_Proc) refers to main.o(i.Key1_Proc) for Key1_Proc
    main.o(i.Key_Proc) refers to main.o(i.Key2_Proc) for Key2_Proc
    main.o(i.Key_Proc) refers to bsp_i2c.o(i.Mpc_Wirte) for Mpc_Wirte
    main.o(i.Key_Proc) refers to stm32g4xx_hal.o(.data) for uwTick
    main.o(i.Key_Proc) refers to main.o(.data) for .data
    main.o(i.Lcd_Proc) refers to bsp_i2c.o(i.Mpc_Read) for Mpc_Read
    main.o(i.Lcd_Proc) refers to printfa.o(i.__0sprintf) for __2sprintf
    main.o(i.Lcd_Proc) refers to bsp_lcd.o(i.LCD_DisplayStringLine) for LCD_DisplayStringLine
    main.o(i.Lcd_Proc) refers to stm32g4xx_hal.o(.data) for uwTick
    main.o(i.Lcd_Proc) refers to main.o(.data) for .data
    main.o(i.Lcd_Proc) refers to main.o(.bss) for .bss
    main.o(i.main) refers to stm32g4xx_hal.o(i.HAL_Init) for HAL_Init
    main.o(i.main) refers to bsp_rcc.o(i.SystemClock_Config) for SystemClock_Config
    main.o(i.main) refers to bsp_lcd.o(i.LCD_Init) for LCD_Init
    main.o(i.main) refers to bsp_lcd.o(i.LCD_Clear) for LCD_Clear
    main.o(i.main) refers to bsp_lcd.o(i.LCD_SetBackColor) for LCD_SetBackColor
    main.o(i.main) refers to bsp_lcd.o(i.LCD_SetTextColor) for LCD_SetTextColor
    main.o(i.main) refers to bsp_led_key.o(i.LED_KEY_Init) for LED_KEY_Init
    main.o(i.main) refers to bsp_uart.o(i.UART1_Init) for UART1_Init
    main.o(i.main) refers to bsp_i2c.o(i.I2CInit) for I2CInit
    main.o(i.main) refers to bsp_tim6.o(i.Basic_TIM6_Init) for Basic_TIM6_Init
    main.o(i.main) refers to bsp_pwm_in.o(i.PWM_IC_TIM8_Init) for PWM_IC_TIM8_Init
    main.o(i.main) refers to bsp_adc.o(i.ADC1_Init) for ADC1_Init
    main.o(i.main) refers to bsp_adc.o(i.ADC2_Init) for ADC2_Init
    main.o(i.main) refers to stm32g4xx_hal_uart.o(i.HAL_UART_Receive_IT) for HAL_UART_Receive_IT
    main.o(i.main) refers to stm32g4xx_hal_tim.o(i.HAL_TIM_Base_Start_IT) for HAL_TIM_Base_Start_IT
    main.o(i.main) refers to stm32g4xx_hal_tim.o(i.HAL_TIM_IC_Start_IT) for HAL_TIM_IC_Start_IT
    main.o(i.main) refers to main.o(i.Key_Proc) for Key_Proc
    main.o(i.main) refers to main.o(i.Lcd_Proc) for Lcd_Proc
    main.o(i.main) refers to main.o(.data) for .data
    main.o(i.main) refers to bsp_uart.o(.bss) for huart1
    main.o(i.main) refers to bsp_tim6.o(.bss) for htim6
    main.o(i.main) refers to bsp_pwm_in.o(.bss) for htim8
    stm32g4xx_it.o(i.SysTick_Handler) refers to stm32g4xx_hal.o(i.HAL_IncTick) for HAL_IncTick
    stm32g4xx_it.o(i.TIM6_DAC_IRQHandler) refers to stm32g4xx_hal_tim.o(i.HAL_TIM_IRQHandler) for HAL_TIM_IRQHandler
    stm32g4xx_it.o(i.TIM6_DAC_IRQHandler) refers to bsp_tim6.o(.bss) for htim6
    stm32g4xx_it.o(i.TIM8_CC_IRQHandler) refers to stm32g4xx_hal_tim.o(i.HAL_TIM_IRQHandler) for HAL_TIM_IRQHandler
    stm32g4xx_it.o(i.TIM8_CC_IRQHandler) refers to bsp_pwm_in.o(.bss) for htim8
    stm32g4xx_it.o(i.USART1_IRQHandler) refers to stm32g4xx_hal_uart.o(i.HAL_UART_IRQHandler) for HAL_UART_IRQHandler
    stm32g4xx_it.o(i.USART1_IRQHandler) refers to bsp_uart.o(.bss) for huart1
    stm32g4xx_hal_msp.o(i.HAL_MspInit) refers to stm32g4xx_hal_pwr_ex.o(i.HAL_PWREx_DisableUCPDDeadBattery) for HAL_PWREx_DisableUCPDDeadBattery
    startup_stm32g431xx.o(RESET) refers to startup_stm32g431xx.o(STACK) for __initial_sp
    startup_stm32g431xx.o(RESET) refers to startup_stm32g431xx.o(.text) for Reset_Handler
[...]
    ..\Drivers\STM32G4xx_HAL_Driver\Src\stm32g4xx_hal_tim_ex.c 0x00000000   Number         0  stm32g4xx_hal_tim_ex.o ABSOLUTE
    ..\Drivers\STM32G4xx_HAL_Driver\Src\stm32g4xx_hal_uart.c 0x00000000   Number         0  stm32g4xx_hal_uart.o ABSOLUTE
    ..\Drivers\STM32G4xx_HAL_Driver\Src\stm32g4xx_hal_uart_ex.c 0x00000000   Number         0  stm32g4xx_hal_uart_ex.o ABSOLUTE
    ..\Drivers\STM32G4xx_HAL_Driver\Src\stm32g4xx_ll_adc.c 0x00000000   Number         0  stm32g4xx_ll_adc.o ABSOLUTE
    ..\Src\BSP\ADC\bsp_adc.c                 0x00000000   Number         0  bsp_adc.o ABSOLUTE
    ..\Src\BSP\Basic_tim\bsp_tim6.c          0x00000000   Number         0  bsp_tim6.o ABSOLUTE
    ..\Src\BSP\IIC\bsp_i2c.c                 0x00000000   Number         0  bsp_i2c.o ABSOLUTE
    ..\Src\BSP\LCD\bsp_lcd.c                 0x00000000   Number         0  bsp_lcd.o ABSOLUTE
    ..\Src\BSP\LED_KEY\bsp_led_key.c         0x00000000   Number         0  bsp_led_key.o ABSOLUTE
    ..\Src\BSP\PWM_IN\bsp_pwm_in.c           0x00000000   Number         0  bsp_pwm_in.o ABSOLUTE
    ..\Src\BSP\RCC\bsp_rcc.c                 0x00000000   Number         0  bsp_rcc.o ABSOLUTE
    ..\Src\BSP\UART\bsp_uart.c               0x00000000   Number         0  bsp_uart.o ABSOLUTE
    ..\Src\main.c                            0x00000000   Number         0  main.o ABSOLUTE
    ..\Src\stm32g4xx_hal_msp.c               0x00000000   Number         0  stm32g4xx_hal_msp.o ABSOLUTE
    ..\Src\stm32g4xx_it.c                    0x00000000   Number         0  stm32g4xx_it.o ABSOLUTE
    ..\Src\system_stm32g4xx.c                0x00000000   Number         0  system_stm32g4xx.o ABSOLUTE
    ..\\Drivers\\STM32G4xx_HAL_Driver\\Src\\stm32g4xx_hal_adc.c 0x00000000   Number         0  stm32g4xx_hal_adc.o ABSOLUTE
    ..\\Drivers\\STM32G4xx_HAL_Driver\\Src\\stm32g4xx_hal_adc_ex.c 0x00000000   Number         0  stm32g4xx_hal_adc_ex.o ABSOLUTE
    ..\\Drivers\\STM32G4xx_HAL_Driver\\Src\\stm32g4xx_hal_uart.c 0x00000000   Number         0  stm32g4xx_hal_uart.o ABSOLUTE
    ..\\Drivers\\STM32G4xx_HAL_Driver\\Src\\stm32g4xx_hal_uart_ex.c 0x00000000   Number         0  stm32g4xx_hal_uart_ex.o ABSOLUTE
    ..\\Src\\BSP\\ADC\\bsp_adc.c             0x00000000   Number         0  bsp_adc.o ABSOLUTE
    ..\\Src\\BSP\\Basic_tim\\bsp_tim6.c      0x00000000   Number         0  bsp_tim6.o ABSOLUTE
    ..\\Src\\BSP\\IIC\\bsp_i2c.c             0x00000000   Number         0  bsp_i2c.o ABSOLUTE
    ..\\Src\\BSP\\LCD\\bsp_lcd.c             0x00000000   Number         0  bsp_lcd.o ABSOLUTE
    ..\\Src\\BSP\\LED_KEY\\bsp_led_key.c     0x00000000   Number         0  bsp_led_key.o ABSOLUTE
    ..\\Src\\BSP\\PWM_IN\\bsp_pwm_in.c       0x00000000   Number         0  bsp_pwm_in.o ABSOLUTE
    ..\\Src\\BSP\\RCC\\bsp_rcc.c             0x00000000   Number         0  bsp_rcc.o ABSOLUTE
    ..\\Src\\BSP\\UART\\bsp_uart.c           0x00000000   Number         0  bsp_uart.o ABSOLUTE
    cdrcmple.s                               0x00000000   Number         0  cdrcmple.o ABSOLUTE
    dc.s                                     0x00000000   Number         0  dc.o ABSOLUTE
    handlers.s                               0x00000000   Number         0  handlers.o ABSOLUTE
    init.s                                   0x00000000   Number         0  init.o ABSOLUTE
    startup_stm32g431xx.s                    0x00000000   Number         0  startup_stm32g431xx.o ABSOLUTE
    RESET                                    0x08000000   Section      472  startup_stm32g431xx.o(RESET)
    .ARM.Collect$$$$00000000                 0x080001d8   Section        0  entry.o(.ARM.Collect$$$$00000000)
    .ARM.Collect$$$$00000001                 0x080001d8   Section        4  entry2.o(.ARM.Collect$$$$00000001)
    .ARM.Collect$$$$00000004                 0x080001dc   Section        4  entry5.o(.ARM.Collect$$$$00000004)
    .ARM.Collect$$$$00000008                 0x080001e0   Section        0  entry7b.o(.ARM.Collect$$$$00000008)
    .ARM.Collect$$$$0000000A                 0x080001e0   Section        0  entry8b.o(.ARM.Collect$$$$0000000A)
    .ARM.Collect$$$$0000000B                 0x080001e0   Section        8  entry9a.o(.ARM.Collect$$$$0000000B)
    .ARM.Collect$$$$0000000D                 0x080001e8   Section        0  entry10a.o(.ARM.Collect$$$$0000000D)
    .ARM.Collect$$$$0000000F                 0x080001e8   Section        0  entry11a.o(.ARM.Collect$$$$0000000F)
    .ARM.Collect$$$$00002712                 0x080001e8   Section        4  entry2.o(.ARM.Collect$$$$00002712)
    __lit__00000000                          0x080001e8   Data           4  entry2.o(.ARM.Collect$$$$00002712)
    .text                                    0x080001ec   Section       36  startup_stm32g431xx.o(.text)
    $v0                                      0x080001ec   Number         0  startup_stm32g431xx.o(.text)
    .text                                    0x08000210   Section        0  uldiv.o(.text)
    .text                                    0x08000272   Section        0  memseta.o(.text)
    .text                                    0x08000296   Section        0  f2d.o(.text)
    .text                                    0x080002bc   Section        0  uidiv.o(.text)
    .text                                    0x080002e8   Section        0  llshl.o(.text)
    .text                                    0x08000306   Section        0  llushr.o(.text)
    .text                                    0x08000326   Section        0  iusefp.o(.text)
    .text                                    0x08000326   Section        0  dadd.o(.text)
    .text                                    0x08000474   Section        0  dmul.o(.text)
    .text                                    0x08000558   Section        0  ddiv.o(.text)
    .text                                    0x08000636   Section        0  dfixul.o(.text)
    .text                                    0x08000668   Section       48  cdrcmple.o(.text)
    .text                                    0x08000698   Section       36  init.o(.text)
    .text                                    0x080006bc   Section        0  llsshr.o(.text)
    .text                                    0x080006e0   Section        0  depilogue.o(.text)
    i.ADC1_Init                              0x0800079c   Section        0  bsp_adc.o(i.ADC1_Init)
    i.ADC2_Init                              0x08000830   Section        0  bsp_adc.o(i.ADC2_Init)
    i.Basic_TIM6_Init                        0x080008ac   Section        0  bsp_tim6.o(i.Basic_TIM6_Init)
    i.BusFault_Handler                       0x080008f4   Section        0  stm32g4xx_it.o(i.BusFault_Handler)
    i.DebugMon_Handler                       0x080008f6   Section        0  stm32g4xx_it.o(i.DebugMon_Handler)
    i.Delay_LCD                              0x080008f8   Section        0  bsp_lcd.o(i.Delay_LCD)
    i.Error_Handler                          0x08000914   Section        0  bsp_rcc.o(i.Error_Handler)
    i.HAL_ADCEx_MultiModeConfigChannel       0x08000918   Section        0  stm32g4xx_hal_adc_ex.o(i.HAL_ADCEx_MultiModeConfigChannel)
    i.HAL_ADC_ConfigChannel                  0x080009ec   Section        0  stm32g4xx_hal_adc.o(i.HAL_ADC_ConfigChannel)
    i.HAL_ADC_Init                           0x08000e0c   Section        0  stm32g4xx_hal_adc.o(i.HAL_ADC_Init)
    i.HAL_ADC_MspInit                        0x08001004   Section        0  bsp_adc.o(i.HAL_ADC_MspInit)
    i.HAL_DMA_Abort_IT                       0x080010a8   Section        0  stm32g4xx_hal_dma.o(i.HAL_DMA_Abort_IT)
    i.HAL_Delay                              0x08001120   Section        0  stm32g4xx_hal.o(i.HAL_Delay)
    i.HAL_GPIO_Init                          0x08001144   Section        0  stm32g4xx_hal_gpio.o(i.HAL_GPIO_Init)
    i.HAL_GPIO_ReadPin                       0x0800130c   Section        0  stm32g4xx_hal_gpio.o(i.HAL_GPIO_ReadPin)
    i.HAL_GPIO_WritePin                      0x08001316   Section        0  stm32g4xx_hal_gpio.o(i.HAL_GPIO_WritePin)
    i.HAL_GetTick                            0x08001320   Section        0  stm32g4xx_hal.o(i.HAL_GetTick)
    i.HAL_IncTick                            0x0800132c   Section        0  stm32g4xx_hal.o(i.HAL_IncTick)
    i.HAL_Init                               0x0800133c   Section        0  stm32g4xx_hal.o(i.HAL_Init)
    i.HAL_InitTick                           0x0800135c   Section        0  stm32g4xx_hal.o(i.HAL_InitTick)
    i.HAL_MspInit                            0x080013a0   Section        0  stm32g4xx_hal_msp.o(i.HAL_MspInit)
    i.HAL_NVIC_EnableIRQ                     0x080013d0   Section        0  stm32g4xx_hal_cortex.o(i.HAL_NVIC_EnableIRQ)
    i.HAL_NVIC_SetPriority                   0x080013ec   Section        0  stm32g4xx_hal_cortex.o(i.HAL_NVIC_SetPriority)
    i.HAL_NVIC_SetPriorityGrouping           0x0800142c   Section        0  stm32g4xx_hal_cortex.o(i.HAL_NVIC_SetPriorityGrouping)
    i.HAL_PWREx_ControlVoltageScaling        0x08001450   Section        0  stm32g4xx_hal_pwr_ex.o(i.HAL_PWREx_ControlVoltageScaling)
    i.HAL_PWREx_DisableUCPDDeadBattery       0x0800150c   Section        0  stm32g4xx_hal_pwr_ex.o(i.HAL_PWREx_DisableUCPDDeadBattery)
    i.HAL_RCCEx_PeriphCLKConfig              0x0800151c   Section        0  stm32g4xx_hal_rcc_ex.o(i.HAL_RCCEx_PeriphCLKConfig)
    i.HAL_RCC_ClockConfig                    0x080017a4   Section        0  stm32g4xx_hal_rcc.o(i.HAL_RCC_ClockConfig)
    i.HAL_RCC_GetPCLK1Freq                   0x08001980   Section        0  stm32g4xx_hal_rcc.o(i.HAL_RCC_GetPCLK1Freq)
    i.HAL_RCC_GetPCLK2Freq                   0x080019a4   Section        0  stm32g4xx_hal_rcc.o(i.HAL_RCC_GetPCLK2Freq)
    i.HAL_RCC_GetSysClockFreq                0x080019c8   Section        0  stm32g4xx_hal_rcc.o(i.HAL_RCC_GetSysClockFreq)
    i.HAL_RCC_OscConfig                      0x08001a38   Section        0  stm32g4xx_hal_rcc.o(i.HAL_RCC_OscConfig)
    i.HAL_SYSTICK_Config                     0x08001e44   Section        0  stm32g4xx_hal_cortex.o(i.HAL_SYSTICK_Config)
    i.HAL_TIMEx_Break2Callback               0x08001e6c   Section        0  stm32g4xx_hal_tim_ex.o(i.HAL_TIMEx_Break2Callback)
    i.HAL_TIMEx_BreakCallback                0x08001e6e   Section        0  stm32g4xx_hal_tim_ex.o(i.HAL_TIMEx_BreakCallback)
    i.HAL_TIMEx_CommutCallback               0x08001e70   Section        0  stm32g4xx_hal_tim_ex.o(i.HAL_TIMEx_CommutCallback)
    i.HAL_TIMEx_ConfigBreakDeadTime          0x08001e74   Section        0  stm32g4xx_hal_tim_ex.o(i.HAL_TIMEx_ConfigBreakDeadTime)
    i.HAL_TIMEx_DirectionChangeCallback      0x08001f20   Section        0  stm32g4xx_hal_tim_ex.o(i.HAL_TIMEx_DirectionChangeCallback)
    i.HAL_TIMEx_EncoderIndexCallback         0x08001f22   Section        0  stm32g4xx_hal_tim_ex.o(i.HAL_TIMEx_EncoderIndexCallback)
    i.HAL_TIMEx_IndexErrorCallback           0x08001f24   Section        0  stm32g4xx_hal_tim_ex.o(i.HAL_TIMEx_IndexErrorCallback)
    i.HAL_TIMEx_MasterConfigSynchronization  0x08001f28   Section        0  stm32g4xx_hal_tim_ex.o(i.HAL_TIMEx_MasterConfigSynchronization)
    i.HAL_TIMEx_TransitionErrorCallback      0x08001fc4   Section        0  stm32g4xx_hal_tim_ex.o(i.HAL_TIMEx_TransitionErrorCallback)
    i.HAL_TIM_Base_Init                      0x08001fc6   Section        0  stm32g4xx_hal_tim.o(i.HAL_TIM_Base_Init)
    i.HAL_TIM_Base_MspInit                   0x08002028   Section        0  bsp_tim6.o(i.HAL_TIM_Base_MspInit)
    i.HAL_TIM_Base_Start_IT                  0x080020c0   Section        0  stm32g4xx_hal_tim.o(i.HAL_TIM_Base_Start_IT)
    i.HAL_TIM_ConfigClockSource              0x08002138   Section        0  stm32g4xx_hal_tim.o(i.HAL_TIM_ConfigClockSource)
    i.HAL_TIM_IC_CaptureCallback             0x08002230   Section        0  main.o(i.HAL_TIM_IC_CaptureCallback)
    i.HAL_TIM_IC_ConfigChannel               0x0800228c   Section        0  stm32g4xx_hal_tim.o(i.HAL_TIM_IC_ConfigChannel)
    i.HAL_TIM_IC_Init                        0x0800239a   Section        0  stm32g4xx_hal_tim.o(i.HAL_TIM_IC_Init)
    i.HAL_TIM_IC_MspInit                     0x080023fc   Section        0  stm32g4xx_hal_tim.o(i.HAL_TIM_IC_MspInit)
    i.HAL_TIM_IC_Start_IT                    0x08002400   Section        0  stm32g4xx_hal_tim.o(i.HAL_TIM_IC_Start_IT)
    i.HAL_TIM_IRQHandler                     0x08002528   Section        0  stm32g4xx_hal_tim.o(i.HAL_TIM_IRQHandler)
    i.HAL_TIM_OC_DelayElapsedCallback        0x08002724   Section        0  stm32g4xx_hal_tim.o(i.HAL_TIM_OC_DelayElapsedCallback)
    i.HAL_TIM_PWM_PulseFinishedCallback      0x08002726   Section        0  stm32g4xx_hal_tim.o(i.HAL_TIM_PWM_PulseFinishedCallback)
    i.HAL_TIM_PeriodElapsedCallback          0x08002728   Section        0  main.o(i.HAL_TIM_PeriodElapsedCallback)
    i.HAL_TIM_ReadCapturedValue              0x0800272a   Section        0  stm32g4xx_hal_tim.o(i.HAL_TIM_ReadCapturedValue)
    i.HAL_TIM_SlaveConfigSynchro             0x08002754   Section        0  stm32g4xx_hal_tim.o(i.HAL_TIM_SlaveConfigSynchro)
    i.HAL_TIM_TriggerCallback                0x080027aa   Section        0  stm32g4xx_hal_tim.o(i.HAL_TIM_TriggerCallback)
    i.HAL_UARTEx_DisableFifoMode             0x080027ac   Section        0  stm32g4xx_hal_uart_ex.o(i.HAL_UARTEx_DisableFifoMode)
    i.HAL_UARTEx_RxFifoFullCallback          0x080027ea   Section        0  stm32g4xx_hal_uart_ex.o(i.HAL_UARTEx_RxFifoFullCallback)
    i.HAL_UARTEx_SetRxFifoThreshold          0x080027ec   Section        0  stm32g4xx_hal_uart_ex.o(i.HAL_UARTEx_SetRxFifoThreshold)
    i.HAL_UARTEx_SetTxFifoThreshold          0x08002838   Section        0  stm32g4xx_hal_uart_ex.o(i.HAL_UARTEx_SetTxFifoThreshold)
    i.HAL_UARTEx_TxFifoEmptyCallback         0x08002884   Section        0  stm32g4xx_hal_uart_ex.o(i.HAL_UARTEx_TxFifoEmptyCallback)
    i.HAL_UARTEx_WakeupCallback              0x08002886   Section        0  stm32g4xx_hal_uart_ex.o(i.HAL_UARTEx_WakeupCallback)
    i.HAL_UART_ErrorCallback                 0x08002888   Section        0  stm32g4xx_hal_uart.o(i.HAL_UART_ErrorCallback)
    i.HAL_UART_IRQHandler                    0x0800288c   Section        0  stm32g4xx_hal_uart.o(i.HAL_UART_IRQHandler)
    i.HAL_UART_Init                          0x08002a50   Section        0  stm32g4xx_hal_uart.o(i.HAL_UART_Init)
    i.HAL_UART_MspInit                       0x08002abc   Section        0  bsp_uart.o(i.HAL_UART_MspInit)
    i.HAL_UART_Receive_IT                    0x08002b30   Section        0  stm32g4xx_hal_uart.o(i.HAL_UART_Receive_IT)
    i.HAL_UART_RxCpltCallback                0x08002c2c   Section        0  main.o(i.HAL_UART_RxCpltCallback)
    i.HAL_UART_TxCpltCallback                0x08002c40   Section        0  stm32g4xx_hal_uart.o(i.HAL_UART_TxCpltCallback)
    i.HardFault_Handler                      0x08002c42   Section        0  stm32g4xx_it.o(i.HardFault_Handler)
    i.I2CInit                                0x08002c44   Section        0  bsp_i2c.o(i.I2CInit)
    i.I2CReceiveByte                         0x08002c70   Section        0  bsp_i2c.o(i.I2CReceiveByte)
    i.I2CSendAck                             0x08002cbe   Section        0  bsp_i2c.o(i.I2CSendAck)
    i.I2CSendByte                            0x08002cee   Section        0  bsp_i2c.o(i.I2CSendByte)
    i.I2CSendNotAck                          0x08002d3c   Section        0  bsp_i2c.o(i.I2CSendNotAck)
    i.I2CStart                               0x08002d6c   Section        0  bsp_i2c.o(i.I2CStart)
    i.I2CStop                                0x08002da2   Section        0  bsp_i2c.o(i.I2CStop)
    i.I2CWaitAck                             0x08002dd8   Section        0  bsp_i2c.o(i.I2CWaitAck)
    i.Key1_Proc                              0x08002e28   Section        0  main.o(i.Key1_Proc)
    i.Key2_Proc                              0x08002e5c   Section        0  main.o(i.Key2_Proc)
    i.Key_Proc                               0x08002ea8   Section        0  main.o(i.Key_Proc)
    i.Key_Scan                               0x08002f0c   Section        0  bsp_led_key.o(i.Key_Scan)
    i.LCD_BusIn                              0x08002f4c   Section        0  bsp_lcd.o(i.LCD_BusIn)
    i.LCD_BusOut                             0x08002f78   Section        0  bsp_lcd.o(i.LCD_BusOut)
    i.LCD_Clear                              0x08002fa8   Section        0  bsp_lcd.o(i.LCD_Clear)
    i.LCD_CtrlLinesConfig                    0x08002fcc   Section        0  bsp_lcd.o(i.LCD_CtrlLinesConfig)
    i.LCD_DisplayChar                        0x0800305c   Section        0  bsp_lcd.o(i.LCD_DisplayChar)
    i.LCD_DisplayStringLine                  0x08003074   Section        0  bsp_lcd.o(i.LCD_DisplayStringLine)
    i.LCD_DrawChar                           0x080030a0   Section        0  bsp_lcd.o(i.LCD_DrawChar)
    i.LCD_Init                               0x080030f8   Section        0  bsp_lcd.o(i.LCD_Init)
    i.LCD_ReadReg                            0x0800312c   Section        0  bsp_lcd.o(i.LCD_ReadReg)
    i.LCD_SetBackColor                       0x080031ac   Section        0  bsp_lcd.o(i.LCD_SetBackColor)
    i.LCD_SetCursor                          0x080031bc   Section        0  bsp_lcd.o(i.LCD_SetCursor)
    i.LCD_SetTextColor                       0x080031d4   Section        0  bsp_lcd.o(i.LCD_SetTextColor)
    i.LCD_WriteRAM                           0x080031e4   Section        0  bsp_lcd.o(i.LCD_WriteRAM)
    i.LCD_WriteRAM_Prepare                   0x0800323c   Section        0  bsp_lcd.o(i.LCD_WriteRAM_Prepare)
    i.LCD_WriteReg                           0x08003298   Section        0  bsp_lcd.o(i.LCD_WriteReg)
    i.LED_KEY_Init                           0x08003304   Section        0  bsp_led_key.o(i.LED_KEY_Init)
    i.LL_ADC_GetOffsetChannel                0x080033e0   Section        0  stm32g4xx_hal_adc.o(i.LL_ADC_GetOffsetChannel)
    LL_ADC_GetOffsetChannel                  0x080033e1   Thumb Code    12  stm32g4xx_hal_adc.o(i.LL_ADC_GetOffsetChannel)
    i.LL_ADC_INJ_IsConversionOngoing         0x080033ec   Section        0  stm32g4xx_hal_adc.o(i.LL_ADC_INJ_IsConversionOngoing)
    LL_ADC_INJ_IsConversionOngoing           0x080033ed   Thumb Code     8  stm32g4xx_hal_adc.o(i.LL_ADC_INJ_IsConversionOngoing)
    i.LL_ADC_REG_IsConversionOngoing         0x080033f4   Section        0  stm32g4xx_hal_adc.o(i.LL_ADC_REG_IsConversionOngoing)
    LL_ADC_REG_IsConversionOngoing           0x080033f5   Thumb Code     8  stm32g4xx_hal_adc.o(i.LL_ADC_REG_IsConversionOngoing)
    i.LL_ADC_REG_IsConversionOngoing         0x080033fc   Section        0  stm32g4xx_hal_adc_ex.o(i.LL_ADC_REG_IsConversionOngoing)
    LL_ADC_REG_IsConversionOngoing           0x080033fd   Thumb Code     8  stm32g4xx_hal_adc_ex.o(i.LL_ADC_REG_IsConversionOngoing)
    i.LL_ADC_SetChannelSamplingTime          0x08003404   Section        0  stm32g4xx_hal_adc.o(i.LL_ADC_SetChannelSamplingTime)
    LL_ADC_SetChannelSamplingTime            0x08003405   Thumb Code    30  stm32g4xx_hal_adc.o(i.LL_ADC_SetChannelSamplingTime)
    i.LL_ADC_SetOffsetState                  0x08003422   Section        0  stm32g4xx_hal_adc.o(i.LL_ADC_SetOffsetState)
    LL_ADC_SetOffsetState                    0x08003423   Thumb Code    16  stm32g4xx_hal_adc.o(i.LL_ADC_SetOffsetState)
    i.Lcd_Proc                               0x08003434   Section        0  main.o(i.Lcd_Proc)
    i.MemManage_Handler                      0x0800347c   Section        0  stm32g4xx_it.o(i.MemManage_Handler)
    i.Mpc_Read                               0x0800347e   Section        0  bsp_i2c.o(i.Mpc_Read)
    i.Mpc_Wirte                              0x080034a0   Section        0  bsp_i2c.o(i.Mpc_Wirte)
    i.NMI_Handler                            0x080034c4   Section        0  stm32g4xx_it.o(i.NMI_Handler)
    i.PWM_IC_TIM8_Init                       0x080034c8   Section        0  bsp_pwm_in.o(i.PWM_IC_TIM8_Init)
    i.PendSV_Handler                         0x080035b4   Section        0  stm32g4xx_it.o(i.PendSV_Handler)
    i.REG_8230_Init                          0x080035b6   Section        0  bsp_lcd.o(i.REG_8230_Init)
    i.REG_932X_Init                          0x080036c8   Section        0  bsp_lcd.o(i.REG_932X_Init)
    i.SCL_Output                             0x080038cc   Section        0  bsp_i2c.o(i.SCL_Output)
    i.SDA_Input                              0x080038e4   Section        0  bsp_i2c.o(i.SDA_Input)
    i.SDA_Input_Mode                         0x080038fc   Section        0  bsp_i2c.o(i.SDA_Input_Mode)
    i.SDA_Output                             0x08003928   Section        0  bsp_i2c.o(i.SDA_Output)
    i.SDA_Output_Mode                        0x08003940   Section        0  bsp_i2c.o(i.SDA_Output_Mode)
    i.SVC_Handler                            0x0800396c   Section        0  stm32g4xx_it.o(i.SVC_Handler)
    i.SysTick_Handler                        0x0800396e   Section        0  stm32g4xx_it.o(i.SysTick_Handler)
    i.SystemClock_Config                     0x08003974   Section        0  bsp_rcc.o(i.SystemClock_Config)
    i.SystemInit                             0x08003a10   Section        0  system_stm32g4xx.o(i.SystemInit)
    i.TIM6_DAC_IRQHandler                    0x08003a2c   Section        0  stm32g4xx_it.o(i.TIM6_DAC_IRQHandler)
    i.TIM8_CC_IRQHandler                     0x08003a38   Section        0  stm32g4xx_it.o(i.TIM8_CC_IRQHandler)
    i.TIM_Base_SetConfig                     0x08003a44   Section        0  stm32g4xx_hal_tim.o(i.TIM_Base_SetConfig)
    i.TIM_CCxChannelCmd                      0x08003af4   Section        0  stm32g4xx_hal_tim.o(i.TIM_CCxChannelCmd)
    i.TIM_ETR_SetConfig                      0x08003b0e   Section        0  stm32g4xx_hal_tim.o(i.TIM_ETR_SetConfig)
    i.TIM_ITRx_SetConfig                     0x08003b24   Section        0  stm32g4xx_hal_tim.o(i.TIM_ITRx_SetConfig)
    TIM_ITRx_SetConfig                       0x08003b25   Thumb Code    16  stm32g4xx_hal_tim.o(i.TIM_ITRx_SetConfig)
    i.TIM_SlaveTimer_SetConfig               0x08003b38   Section        0  stm32g4xx_hal_tim.o(i.TIM_SlaveTimer_SetConfig)
    TIM_SlaveTimer_SetConfig                 0x08003b39   Thumb Code   146  stm32g4xx_hal_tim.o(i.TIM_SlaveTimer_SetConfig)
    i.TIM_TI1_ConfigInputStage               0x08003bd8   Section        0  stm32g4xx_hal_tim.o(i.TIM_TI1_ConfigInputStage)
    TIM_TI1_ConfigInputStage                 0x08003bd9   Thumb Code    34  stm32g4xx_hal_tim.o(i.TIM_TI1_ConfigInputStage)
    i.TIM_TI1_SetConfig                      0x08003bfc   Section        0  stm32g4xx_hal_tim.o(i.TIM_TI1_SetConfig)
    i.TIM_TI2_ConfigInputStage               0x08003c68   Section        0  stm32g4xx_hal_tim.o(i.TIM_TI2_ConfigInputStage)
    TIM_TI2_ConfigInputStage                 0x08003c69   Thumb Code    36  stm32g4xx_hal_tim.o(i.TIM_TI2_ConfigInputStage)
    i.TIM_TI2_SetConfig                      0x08003c8c   Section        0  stm32g4xx_hal_tim.o(i.TIM_TI2_SetConfig)
    TIM_TI2_SetConfig                        0x08003c8d   Thumb Code    54  stm32g4xx_hal_tim.o(i.TIM_TI2_SetConfig)
    i.UART1_Init                             0x08003cc4   Section        0  bsp_uart.o(i.UART1_Init)
    i.UARTEx_SetNbDataToProcess              0x08003d2c   Section        0  stm32g4xx_hal_uart_ex.o(i.UARTEx_SetNbDataToProcess)
    UARTEx_SetNbDataToProcess                0x08003d2d   Thumb Code    82  stm32g4xx_hal_uart_ex.o(i.UARTEx_SetNbDataToProcess)
    i.UART_AdvFeatureConfig                  0x08003d90   Section        0  stm32g4xx_hal_uart.o(i.UART_AdvFeatureConfig)
    i.UART_CheckIdleState                    0x08003e58   Section        0  stm32g4xx_hal_uart.o(i.UART_CheckIdleState)
    i.UART_DMAAbortOnError                   0x08003eb6   Section        0  stm32g4xx_hal_uart.o(i.UART_DMAAbortOnError)
    UART_DMAAbortOnError                     0x08003eb7   Thumb Code    20  stm32g4xx_hal_uart.o(i.UART_DMAAbortOnError)
    i.UART_EndRxTransfer                     0x08003ecc   Section        0  stm32g4xx_hal_uart.o(i.UART_EndRxTransfer)
    UART_EndRxTransfer                       0x08003ecd   Thumb Code    32  stm32g4xx_hal_uart.o(i.UART_EndRxTransfer)
    i.UART_RxISR_16BIT                       0x08003ef0   Section        0  stm32g4xx_hal_uart.o(i.UART_RxISR_16BIT)
    UART_RxISR_16BIT                         0x08003ef1   Thumb Code    94  stm32g4xx_hal_uart.o(i.UART_RxISR_16BIT)
    i.UART_RxISR_16BIT_FIFOEN                0x08003f50   Section        0  stm32g4xx_hal_uart.o(i.UART_RxISR_16BIT_FIFOEN)
    UART_RxISR_16BIT_FIFOEN                  0x08003f51   Thumb Code   152  stm32g4xx_hal_uart.o(i.UART_RxISR_16BIT_FIFOEN)
    i.UART_RxISR_8BIT                        0x08003ff0   Section        0  stm32g4xx_hal_uart.o(i.UART_RxISR_8BIT)
    UART_RxISR_8BIT                          0x08003ff1   Thumb Code    94  stm32g4xx_hal_uart.o(i.UART_RxISR_8BIT)
    i.UART_RxISR_8BIT_FIFOEN                 0x08004050   Section        0  stm32g4xx_hal_uart.o(i.UART_RxISR_8BIT_FIFOEN)
    UART_RxISR_8BIT_FIFOEN                   0x08004051   Thumb Code   152  stm32g4xx_hal_uart.o(i.UART_RxISR_8BIT_FIFOEN)
    i.UART_SetConfig                         0x080040f0   Section        0  stm32g4xx_hal_uart.o(i.UART_SetConfig)
    i.UART_WaitOnFlagUntilTimeout            0x08004368   Section        0  stm32g4xx_hal_uart.o(i.UART_WaitOnFlagUntilTimeout)
    i.USART1_IRQHandler                      0x0800440c   Section        0  stm32g4xx_it.o(i.USART1_IRQHandler)
    i.UsageFault_Handler                     0x08004418   Section        0  stm32g4xx_it.o(i.UsageFault_Handler)
    i.__0sprintf                             0x0800441c   Section        0  printfa.o(i.__0sprintf)
    i.__NVIC_SetPriority                     0x08004444   Section        0  stm32g4xx_hal_cortex.o(i.__NVIC_SetPriority)
    __NVIC_SetPriority                       0x08004445   Thumb Code    32  stm32g4xx_hal_cortex.o(i.__NVIC_SetPriority)
    i.__scatterload_copy                     0x08004464   Section       14  handlers.o(i.__scatterload_copy)
    i.__scatterload_null                     0x08004472   Section        2  handlers.o(i.__scatterload_null)
    i.__scatterload_zeroinit                 0x08004474   Section       14  handlers.o(i.__scatterload_zeroinit)
    i._fp_digits                             0x08004484   Section        0  printfa.o(i._fp_digits)
    _fp_digits                               0x08004485   Thumb Code   366  printfa.o(i._fp_digits)
    i._printf_core                           0x08004608   Section        0  printfa.o(i._printf_core)
    _printf_core                             0x08004609   Thumb Code  1744  printfa.o(i._printf_core)
    i._printf_post_padding                   0x08004ce4   Section        0  printfa.o(i._printf_post_padding)
    _printf_post_padding                     0x08004ce5   Thumb Code    36  printfa.o(i._printf_post_padding)
    i._printf_pre_padding                    0x08004d08   Section        0  printfa.o(i._printf_pre_padding)
    _printf_pre_padding                      0x08004d09   Thumb Code    46  printfa.o(i._printf_pre_padding)
    i._sputc                                 0x08004d36   Section        0  printfa.o(i._sputc)
    _sputc                                   0x08004d37   Thumb Code    10  printfa.o(i._sputc)
    i.delay1                                 0x08004d40   Section        0  bsp_i2c.o(i.delay1)
    delay1                                   0x08004d41   Thumb Code    12  bsp_i2c.o(i.delay1)
    i.iic_24C02_Read                         0x08004d4c   Section        0  bsp_i2c.o(i.iic_24C02_Read)
    i.iic_24C02_Wirte                        0x08004da0   Section        0  bsp_i2c.o(i.iic_24C02_Wirte)
    i.main                                   0x08004de0   Section        0  main.o(i.main)
    .constdata                               0x08004e58   Section     4560  bsp_lcd.o(.constdata)
    .constdata                               0x08006028   Section       24  stm32g4xx_hal_uart.o(.constdata)
    .constdata                               0x08006040   Section       16  system_stm32g4xx.o(.constdata)
    .constdata                               0x08006050   Section        8  system_stm32g4xx.o(.constdata)
    .data                                    0x20000000   Section       40  main.o(.data)
    .data                                    0x20000028   Section        6  bsp_lcd.o(.data)
    TextColor                                0x20000028   Data           2  bsp_lcd.o(.data)
    BackColor                                0x2000002a   Data           2  bsp_lcd.o(.data)
    .data                                    0x20000030   Section        4  bsp_adc.o(.data)
    HAL_RCC_ADC12_CLK_ENABLED                0x20000030   Data           4  bsp_adc.o(.data)
    .data                                    0x20000034   Section       12  stm32g4xx_hal.o(.data)
    .data                                    0x20000040   Section        4  system_stm32g4xx.o(.data)
    .bss                                     0x20000044   Section       21  main.o(.bss)
    .bss                                     0x2000005c   Section      140  bsp_uart.o(.bss)
    .bss                                     0x200000e8   Section       76  bsp_tim6.o(.bss)
    .bss                                     0x20000134   Section      216  bsp_adc.o(.bss)
    .bss                                     0x2000020c   Section       76  bsp_pwm_in.o(.bss)
    STACK                                    0x20000258   Section     1024  startup_stm32g431xx.o(STACK)

    Global Symbols

    Symbol Name                              Value     Ov Type        Size  Object(Section)

    BuildAttributes$$THM_ISAv4$E$P$D$K$B$S$7EM$VFPi3$EXTD16$VFPS$VFMA$PE$A:L22UL41UL21$X:L11$S22US41US21$IEEE1$IW$USESV6$~STKCKD$USESV7$~SHL$OSPACE$ROPI$EBA8$MICROLIB$REQ8$PRES8$EABIv2 0x00000000   Number         0  anon$$obj.o ABSOLUTE
    __ARM_use_no_argv                        0x00000000   Number         0  main.o ABSOLUTE
    _printf_a                                0x00000000   Number         0  stubs.o ABSOLUTE
    _printf_c                                0x00000000   Number         0  stubs.o ABSOLUTE
    _printf_charcount                        0x00000000   Number         0  stubs.o ABSOLUTE
    _printf_d                                0x00000000   Number         0  stubs.o ABSOLUTE
    _printf_e                                0x00000000   Number         0  stubs.o ABSOLUTE
    _printf_f                                0x00000000   Number         0  stubs.o ABSOLUTE
    _printf_flags                            0x00000000   Number         0  stubs.o ABSOLUTE
    _printf_fp_dec                           0x00000000   Number         0  stubs.o ABSOLUTE
    _printf_fp_hex                           0x00000000   Number         0  stubs.o ABSOLUTE
    _printf_g                                0x00000000   Number         0  stubs.o ABSOLUTE
    _printf_i                                0x00000000   Number         0  stubs.o ABSOLUTE
    _printf_int_dec                          0x00000000   Number         0  stubs.o ABSOLUTE
    _printf_l                                0x00000000   Number         0  stubs.o ABSOLUTE
    _printf_lc                               0x00000000   Number         0  stubs.o ABSOLUTE
    _printf_ll                               0x00000000   Number         0  stubs.o ABSOLUTE
    _printf_lld                              0x00000000   Number         0  stubs.o ABSOLUTE
    _printf_lli                              0x00000000   Number         0  stubs.o ABSOLUTE
    _printf_llo                              0x00000000   Number         0  stubs.o ABSOLUTE
    _printf_llu                              0x00000000   Number         0  stubs.o ABSOLUTE
    _printf_llx                              0x00000000   Number         0  stubs.o ABSOLUTE
    _printf_longlong_dec                     0x00000000   Number         0  stubs.o ABSOLUTE
    _printf_longlong_hex                     0x00000000   Number         0  stubs.o ABSOLUTE
    _printf_longlong_oct                     0x00000000   Number         0  stubs.o ABSOLUTE
    _printf_ls                               0x00000000   Number         0  stubs.o ABSOLUTE
    _printf_mbtowc                           0x00000000   Number         0  stubs.o ABSOLUTE
    _printf_n                                0x00000000   Number         0  stubs.o ABSOLUTE
    _printf_o                                0x00000000   Number         0  stubs.o ABSOLUTE
    _printf_p                                0x00000000   Number         0  stubs.o ABSOLUTE
    _printf_percent                          0x00000000   Number         0  stubs.o ABSOLUTE
    _printf_pre_padding                      0x00000000   Number         0  stubs.o ABSOLUTE
    _printf_return_value                     0x00000000   Number         0  stubs.o ABSOLUTE
    _printf_s                                0x00000000   Number         0  stubs.o ABSOLUTE
    _printf_sizespec                         0x00000000   Number         0  stubs.o ABSOLUTE
    _printf_str                              0x00000000   Number         0  stubs.o ABSOLUTE
    _printf_truncate_signed                  0x00000000   Number         0  stubs.o ABSOLUTE
    _printf_truncate_unsigned                0x00000000   Number         0  stubs.o ABSOLUTE
    _printf_u                                0x00000000   Number         0  stubs.o ABSOLUTE
    _printf_wc                               0x00000000   Number         0  stubs.o ABSOLUTE
    _printf_wctomb                           0x00000000   Number         0  stubs.o ABSOLUTE
    _printf_widthprec                        0x00000000   Number         0  stubs.o ABSOLUTE
    _printf_x                                0x00000000   Number         0  stubs.o ABSOLUTE
    __cpp_initialize__aeabi_                  - Undefined Weak Reference
    __cxa_finalize                            - Undefined Weak Reference
    __decompress                              - Undefined Weak Reference
    _clock_init                               - Undefined Weak Reference
    _microlib_exit                            - Undefined Weak Reference
    __Vectors_Size                           0x000001d8   Number         0  startup_stm32g431xx.o ABSOLUTE
    __Vectors                                0x08000000   Data           4  startup_stm32g431xx.o(RESET)
    __Vectors_End                            0x080001d8   Data           0  startup_stm32g431xx.o(RESET)
    __main                                   0x080001d9   Thumb Code     0  entry.o(.ARM.Collect$$$$00000000)
    _main_stk                                0x080001d9   Thumb Code     0  entry2.o(.ARM.Collect$$$$00000001)
    _main_scatterload                        0x080001dd   Thumb Code     0  entry5.o(.ARM.Collect$$$$00000004)
    __main_after_scatterload                 0x080001e1   Thumb Code     0  entry5.o(.ARM.Collect$$$$00000004)
    _main_clock                              0x080001e1   Thumb Code     0  entry7b.o(.ARM.Collect$$$$00000008)
    _main_cpp_init                           0x080001e1   Thumb Code     0  entry8b.o(.ARM.Collect$$$$0000000A)
    _main_init                               0x080001e1   Thumb Code     0  entry9a.o(.ARM.Collect$$$$0000000B)
    __rt_final_cpp                           0x080001e9   Thumb Code     0  entry10a.o(.ARM.Collect$$$$0000000D)
    __rt_final_exit                          0x080001e9   Thumb Code     0  entry11a.o(.ARM.Collect$$$$0000000F)
    Reset_Handler                            0x080001ed   Thumb Code     8  startup_stm32g431xx.o(.text)
    ADC1_2_IRQHandler                        0x08000207   Thumb Code     0  startup_stm32g431xx.o(.text)
    COMP1_2_3_IRQHandler                     0x08000207   Thumb Code     0  startup_stm32g431xx.o(.text)
    COMP4_IRQHandler                         0x08000207   Thumb Code     0  startup_stm32g431xx.o(.text)
    CORDIC_IRQHandler                        0x08000207   Thumb Code     0  startup_stm32g431xx.o(.text)
    CRS_IRQHandler                           0x08000207   Thumb Code     0  startup_stm32g431xx.o(.text)
    DMA1_Channel1_IRQHandler                 0x08000207   Thumb Code     0  startup_stm32g431xx.o(.text)
    DMA1_Channel2_IRQHandler                 0x08000207   Thumb Code     0  startup_stm32g431xx.o(.text)
    DMA1_Channel3_IRQHandler                 0x08000207   Thumb Code     0  startup_stm32g431xx.o(.text)
    DMA1_Channel4_IRQHandler                 0x08000207   Thumb Code     0  startup_stm32g431xx.o(.text)
    DMA1_Channel5_IRQHandler                 0x08000207   Thumb Code     0  startup_stm32g431xx.o(.text)
    DMA1_Channel6_IRQHandler                 0x08000207   Thumb Code     0  startup_stm32g431xx.o(.text)
    DMA2_Channel1_IRQHandler                 0x08000207   Thumb Code     0  startup_stm32g431xx.o(.text)
    DMA2_Channel2_IRQHandler                 0x08000207   Thumb Code     0  startup_stm32g431xx.o(.text)
    DMA2_Channel3_IRQHandler                 0x08000207   Thumb Code     0  startup_stm32g431xx.o(.text)
    DMA2_Channel4_IRQHandler                 0x08000207   Thumb Code     0  startup_stm32g431xx.o(.text)
    DMA2_Channel5_IRQHandler                 0x08000207   Thumb Code     0  startup_stm32g431xx.o(.text)
    DMA2_Channel6_IRQHandler                 0x08000207   Thumb Code     0  startup_stm32g431xx.o(.text)
    DMAMUX_OVR_IRQHandler                    0x08000207   Thumb Code     0  startup_stm32g431xx.o(.text)
    EXTI0_IRQHandler                         0x08000207   Thumb Code     0  startup_stm32g431xx.o(.text)
    EXTI15_10_IRQHandler                     0x08000207   Thumb Code     0  startup_stm32g431xx.o(.text)
    EXTI1_IRQHandler                         0x08000207   Thumb Code     0  startup_stm32g431xx.o(.text)
    EXTI2_IRQHandler                         0x08000207   Thumb Code     0  startup_stm32g431xx.o(.text)
    EXTI3_IRQHandler                         0x08000207   Thumb Code     0  startup_stm32g431xx.o(.text)
    EXTI4_IRQHandler                         0x08000207   Thumb Code     0  startup_stm32g431xx.o(.text)
    EXTI9_5_IRQHandler                       0x08000207   Thumb Code     0  startup_stm32g431xx.o(.text)
    FDCAN1_IT0_IRQHandler                    0x08000207   Thumb Code     0  startup_stm32g431xx.o(.text)
    FDCAN1_IT1_IRQHandler                    0x08000207   Thumb Code     0  startup_stm32g431xx.o(.text)
    FLASH_IRQHandler                         0x08000207   Thumb Code     0  startup_stm32g431xx.o(.text)
    FMAC_IRQHandler                          0x08000207   Thumb Code     0  startup_stm32g431xx.o(.text)
    FPU_IRQHandler                           0x08000207   Thumb Code     0  startup_stm32g431xx.o(.text)
    I2C1_ER_IRQHandler                       0x08000207   Thumb Code     0  startup_stm32g431xx.o(.text)
    I2C1_EV_IRQHandler                       0x08000207   Thumb Code     0  startup_stm32g431xx.o(.text)
    I2C2_ER_IRQHandler                       0x08000207   Thumb Code     0  startup_stm32g431xx.o(.text)
    I2C2_EV_IRQHandler                       0x08000207   Thumb Code     0  startup_stm32g431xx.o(.text)
    I2C3_ER_IRQHandler                       0x08000207   Thumb Code     0  startup_stm32g431xx.o(.text)
    I2C3_EV_IRQHandler                       0x08000207   Thumb Code     0  startup_stm32g431xx.o(.text)
    LPTIM1_IRQHandler                        0x08000207   Thumb Code     0  startup_stm32g431xx.o(.text)
    LPUART1_IRQHandler                       0x08000207   Thumb Code     0  startup_stm32g431xx.o(.text)
    PVD_PVM_IRQHandler                       0x08000207   Thumb Code     0  startup_stm32g431xx.o(.text)
    RCC_IRQHandler                           0x08000207   Thumb Code     0  startup_stm32g431xx.o(.text)
    RNG_IRQHandler                           0x08000207   Thumb Code     0  startup_stm32g431xx.o(.text)
    RTC_Alarm_IRQHandler                     0x08000207   Thumb Code     0  startup_stm32g431xx.o(.text)
    RTC_TAMP_LSECSS_IRQHandler               0x08000207   Thumb Code     0  startup_stm32g431xx.o(.text)
    RTC_WKUP_IRQHandler                      0x08000207   Thumb Code     0  startup_stm32g431xx.o(.text)
    SAI1_IRQHandler                          0x08000207   Thumb Code     0  startup_stm32g431xx.o(.text)
    SPI1_IRQHandler                          0x08000207   Thumb Code     0  startup_stm32g431xx.o(.text)
    SPI2_IRQHandler                          0x08000207   Thumb Code     0  startup_stm32g431xx.o(.text)
    SPI3_IRQHandler                          0x08000207   Thumb Code     0  startup_stm32g431xx.o(.text)
    TIM1_BRK_TIM15_IRQHandler                0x08000207   Thumb Code     0  startup_stm32g431xx.o(.text)
    TIM1_CC_IRQHandler                       0x08000207   Thumb Code     0  startup_stm32g431xx.o(.text)
    TIM1_TRG_COM_TIM17_IRQHandler            0x08000207   Thumb Code     0  startup_stm32g431xx.o(.text)
    TIM1_UP_TIM16_IRQHandler                 0x08000207   Thumb Code     0  startup_stm32g431xx.o(.text)
    TIM2_IRQHandler                          0x08000207   Thumb Code     0  startup_stm32g431xx.o(.text)
    TIM3_IRQHandler                          0x08000207   Thumb Code     0  startup_stm32g431xx.o(.text)
    TIM4_IRQHandler                          0x08000207   Thumb Code     0  startup_stm32g431xx.o(.text)
    TIM7_IRQHandler                          0x08000207   Thumb Code     0  startup_stm32g431xx.o(.text)
    TIM8_BRK_IRQHandler                      0x08000207   Thumb Code     0  startup_stm32g431xx.o(.text)
    TIM8_TRG_COM_IRQHandler                  0x08000207   Thumb Code     0  startup_stm32g431xx.o(.text)
    TIM8_UP_IRQHandler                       0x08000207   Thumb Code     0  startup_stm32g431xx.o(.text)
    UART4_IRQHandler                         0x08000207   Thumb Code     0  startup_stm32g431xx.o(.text)
    UCPD1_IRQHandler                         0x08000207   Thumb Code     0  startup_stm32g431xx.o(.text)
    USART2_IRQHandler                        0x08000207   Thumb Code     0  startup_stm32g431xx.o(.text)
    USART3_IRQHandler                        0x08000207   Thumb Code     0  startup_stm32g431xx.o(.text)
    USBWakeUp_IRQHandler                     0x08000207   Thumb Code     0  startup_stm32g431xx.o(.text)
    USB_HP_IRQHandler                        0x08000207   Thumb Code     0  startup_stm32g431xx.o(.text)
    USB_LP_IRQHandler                        0x08000207   Thumb Code     0  startup_stm32g431xx.o(.text)
    WWDG_IRQHandler                          0x08000207   Thumb Code     0  startup_stm32g431xx.o(.text)
    __aeabi_uldivmod                         0x08000211   Thumb Code    98  uldiv.o(.text)
    __aeabi_memset                           0x08000273   Thumb Code    14  memseta.o(.text)
    __aeabi_memset4                          0x08000273   Thumb Code     0  memseta.o(.text)
    __aeabi_memset8                          0x08000273   Thumb Code     0  memseta.o(.text)
    __aeabi_memclr                           0x08000281   Thumb Code     4  memseta.o(.text)
    __aeabi_memclr4                          0x08000281   Thumb Code     0  memseta.o(.text)
    __aeabi_memclr8                          0x08000281   Thumb Code     0  memseta.o(.text)
    _memset$wrapper                          0x08000285   Thumb Code    18  memseta.o(.text)
    __aeabi_f2d                              0x08000297   Thumb Code    38  f2d.o(.text)
    __aeabi_uidiv                            0x080002bd   Thumb Code     0  uidiv.o(.text)
    __aeabi_uidivmod                         0x080002bd   Thumb Code    44  uidiv.o(.text)
    __aeabi_llsl                             0x080002e9   Thumb Code    30  llshl.o(.text)
    _ll_shift_l                              0x080002e9   Thumb Code     0  llshl.o(.text)
    __aeabi_llsr                             0x08000307   Thumb Code    32  llushr.o(.text)
    _ll_ushift_r                             0x08000307   Thumb Code     0  llushr.o(.text)
    __I$use$fp                               0x08000327   Thumb Code     0  iusefp.o(.text)
    __aeabi_dadd                             0x08000327   Thumb Code   322  dadd.o(.text)
    __aeabi_dsub                             0x08000469   Thumb Code     6  dadd.o(.text)
    __aeabi_drsub                            0x0800046f   Thumb Code     6  dadd.o(.text)
    __aeabi_dmul                             0x08000475   Thumb Code   228  dmul.o(.text)
    __aeabi_ddiv                             0x08000559   Thumb Code   222  ddiv.o(.text)
    __aeabi_d2ulz                            0x08000637   Thumb Code    48  dfixul.o(.text)
    __aeabi_cdrcmple                         0x08000669   Thumb Code    48  cdrcmple.o(.text)
    __scatterload                            0x08000699   Thumb Code    28  init.o(.text)
    __scatterload_rt2                        0x08000699   Thumb Code     0  init.o(.text)
    __aeabi_lasr                             0x080006bd   Thumb Code    36  llsshr.o(.text)
    _ll_sshift_r                             0x080006bd   Thumb Code     0  llsshr.o(.text)
    _double_round                            0x080006e1   Thumb Code    30  depilogue.o(.text)
    _double_epilogue                         0x080006ff   Thumb Code   156  depilogue.o(.text)
    ADC1_Init                                0x0800079d   Thumb Code   138  bsp_adc.o(i.ADC1_Init)
    ADC2_Init                                0x08000831   Thumb Code   112  bsp_adc.o(i.ADC2_Init)
    Basic_TIM6_Init                          0x080008ad   Thumb Code    62  bsp_tim6.o(i.Basic_TIM6_Init)
    BusFault_Handler                         0x080008f5   Thumb Code     2  stm32g4xx_it.o(i.BusFault_Handler)
    DebugMon_Handler                         0x080008f7   Thumb Code     2  stm32g4xx_it.o(i.DebugMon_Handler)
    Delay_LCD                                0x080008f9   Thumb Code    28  bsp_lcd.o(i.Delay_LCD)
    Error_Handler                            0x08000915   Thumb Code     4  bsp_rcc.o(i.Error_Handler)
    HAL_ADCEx_MultiModeConfigChannel         0x08000919   Thumb Code   204  stm32g4xx_hal_adc_ex.o(i.HAL_ADCEx_MultiModeConfigChannel)
    HAL_ADC_ConfigChannel                    0x080009ed   Thumb Code  1004  stm32g4xx_hal_adc.o(i.HAL_ADC_ConfigChannel)
    HAL_ADC_Init                             0x08000e0d   Thumb Code   472  stm32g4xx_hal_adc.o(i.HAL_ADC_Init)
    HAL_ADC_MspInit                          0x08001005   Thumb Code   146  bsp_adc.o(i.HAL_ADC_MspInit)
    HAL_DMA_Abort_IT                         0x080010a9   Thumb Code   120  stm32g4xx_hal_dma.o(i.HAL_DMA_Abort_IT)
    HAL_Delay                                0x08001121   Thumb Code    32  stm32g4xx_hal.o(i.HAL_Delay)
    HAL_GPIO_Init                            0x08001145   Thumb Code   422  stm32g4xx_hal_gpio.o(i.HAL_GPIO_Init)
    HAL_GPIO_ReadPin                         0x0800130d   Thumb Code    10  stm32g4xx_hal_gpio.o(i.HAL_GPIO_ReadPin)
    HAL_GPIO_WritePin                        0x08001317   Thumb Code    10  stm32g4xx_hal_gpio.o(i.HAL_GPIO_WritePin)
    HAL_GetTick                              0x08001321   Thumb Code     6  stm32g4xx_hal.o(i.HAL_GetTick)
    HAL_IncTick                              0x0800132d   Thumb Code    12  stm32g4xx_hal.o(i.HAL_IncTick)
    HAL_Init                                 0x0800133d   Thumb Code    30  stm32g4xx_hal.o(i.HAL_Init)
    HAL_InitTick                             0x0800135d   Thumb Code    58  stm32g4xx_hal.o(i.HAL_InitTick)
    HAL_MspInit                              0x080013a1   Thumb Code    42  stm32g4xx_hal_msp.o(i.HAL_MspInit)
    HAL_NVIC_EnableIRQ                       0x080013d1   Thumb Code    26  stm32g4xx_hal_cortex.o(i.HAL_NVIC_EnableIRQ)
    HAL_NVIC_SetPriority                     0x080013ed   Thumb Code    60  stm32g4xx_hal_cortex.o(i.HAL_NVIC_SetPriority)
    HAL_NVIC_SetPriorityGrouping             0x0800142d   Thumb Code    26  stm32g4xx_hal_cortex.o(i.HAL_NVIC_SetPriorityGrouping)
    HAL_PWREx_ControlVoltageScaling          0x08001451   Thumb Code   174  stm32g4xx_hal_pwr_ex.o(i.HAL_PWREx_ControlVoltageScaling)
    HAL_PWREx_DisableUCPDDeadBattery         0x0800150d   Thumb Code    12  stm32g4xx_hal_pwr_ex.o(i.HAL_PWREx_DisableUCPDDeadBattery)
    HAL_RCCEx_PeriphCLKConfig                0x0800151d   Thumb Code   638  stm32g4xx_hal_rcc_ex.o(i.HAL_RCCEx_PeriphCLKConfig)
    HAL_RCC_ClockConfig                      0x080017a5   Thumb Code   444  stm32g4xx_hal_rcc.o(i.HAL_RCC_ClockConfig)
    HAL_RCC_GetPCLK1Freq                     0x08001981   Thumb Code    24  stm32g4xx_hal_rcc.o(i.HAL_RCC_GetPCLK1Freq)
    HAL_RCC_GetPCLK2Freq                     0x080019a5   Thumb Code    24  stm32g4xx_hal_rcc.o(i.HAL_RCC_GetPCLK2Freq)
    HAL_RCC_GetSysClockFreq                  0x080019c9   Thumb Code    98  stm32g4xx_hal_rcc.o(i.HAL_RCC_GetSysClockFreq)
    HAL_RCC_OscConfig                        0x08001a39   Thumb Code  1036  stm32g4xx_hal_rcc.o(i.HAL_RCC_OscConfig)
    HAL_SYSTICK_Config                       0x08001e45   Thumb Code    40  stm32g4xx_hal_cortex.o(i.HAL_SYSTICK_Config)
    HAL_TIMEx_Break2Callback                 0x08001e6d   Thumb Code     2  stm32g4xx_hal_tim_ex.o(i.HAL_TIMEx_Break2Callback)
    HAL_TIMEx_BreakCallback                  0x08001e6f   Thumb Code     2  stm32g4xx_hal_tim_ex.o(i.HAL_TIMEx_BreakCallback)
    HAL_TIMEx_CommutCallback                 0x08001e71   Thumb Code     2  stm32g4xx_hal_tim_ex.o(i.HAL_TIMEx_CommutCallback)
    HAL_TIMEx_ConfigBreakDeadTime            0x08001e75   Thumb Code   164  stm32g4xx_hal_tim_ex.o(i.HAL_TIMEx_ConfigBreakDeadTime)
    HAL_TIMEx_DirectionChangeCallback        0x08001f21   Thumb Code     2  stm32g4xx_hal_tim_ex.o(i.HAL_TIMEx_DirectionChangeCallback)
    HAL_TIMEx_EncoderIndexCallback           0x08001f23   Thumb Code     2  stm32g4xx_hal_tim_ex.o(i.HAL_TIMEx_EncoderIndexCallback)
    HAL_TIMEx_IndexErrorCallback             0x08001f25   Thumb Code     2  stm32g4xx_hal_tim_ex.o(i.HAL_TIMEx_IndexErrorCallback)
    HAL_TIMEx_MasterConfigSynchronization    0x08001f29   Thumb Code   132  stm32g4xx_hal_tim_ex.o(i.HAL_TIMEx_MasterConfigSynchronization)
    HAL_TIMEx_TransitionErrorCallback        0x08001fc5   Thumb Code     2  stm32g4xx_hal_tim_ex.o(i.HAL_TIMEx_TransitionErrorCallback)
    HAL_TIM_Base_Init                        0x08001fc7   Thumb Code    98  stm32g4xx_hal_tim.o(i.HAL_TIM_Base_Init)
    HAL_TIM_Base_MspInit                     0x08002029   Thumb Code   140  bsp_tim6.o(i.HAL_TIM_Base_MspInit)
    HAL_TIM_Base_Start_IT                    0x080020c1   Thumb Code    94  stm32g4xx_hal_tim.o(i.HAL_TIM_Base_Start_IT)
    HAL_TIM_ConfigClockSource                0x08002139   Thumb Code   240  stm32g4xx_hal_tim.o(i.HAL_TIM_ConfigClockSource)
    HAL_TIM_IC_CaptureCallback               0x08002231   Thumb Code    78  main.o(i.HAL_TIM_IC_CaptureCallback)
    HAL_TIM_IC_ConfigChannel                 0x0800228d   Thumb Code   270  stm32g4xx_hal_tim.o(i.HAL_TIM_IC_ConfigChannel)
    HAL_TIM_IC_Init                          0x0800239b   Thumb Code    98  stm32g4xx_hal_tim.o(i.HAL_TIM_IC_Init)
    HAL_TIM_IC_MspInit                       0x080023fd   Thumb Code     2  stm32g4xx_hal_tim.o(i.HAL_TIM_IC_MspInit)
    HAL_TIM_IC_Start_IT                      0x08002401   Thumb Code   272  stm32g4xx_hal_tim.o(i.HAL_TIM_IC_Start_IT)
    HAL_TIM_IRQHandler                       0x08002529   Thumb Code   508  stm32g4xx_hal_tim.o(i.HAL_TIM_IRQHandler)
    HAL_TIM_OC_DelayElapsedCallback          0x08002725   Thumb Code     2  stm32g4xx_hal_tim.o(i.HAL_TIM_OC_DelayElapsedCallback)
    HAL_TIM_PWM_PulseFinishedCallback        0x08002727   Thumb Code     2  stm32g4xx_hal_tim.o(i.HAL_TIM_PWM_PulseFinishedCallback)
    HAL_TIM_PeriodElapsedCallback            0x08002729   Thumb Code     2  main.o(i.HAL_TIM_PeriodElapsedCallback)
    HAL_TIM_ReadCapturedValue                0x0800272b   Thumb Code    42  stm32g4xx_hal_tim.o(i.HAL_TIM_ReadCapturedValue)
    HAL_TIM_SlaveConfigSynchro               0x08002755   Thumb Code    86  stm32g4xx_hal_tim.o(i.HAL_TIM_SlaveConfigSynchro)
    HAL_TIM_TriggerCallback                  0x080027ab   Thumb Code     2  stm32g4xx_hal_tim.o(i.HAL_TIM_TriggerCallback)
    HAL_UARTEx_DisableFifoMode               0x080027ad   Thumb Code    62  stm32g4xx_hal_uart_ex.o(i.HAL_UARTEx_DisableFifoMode)
    HAL_UARTEx_RxFifoFullCallback            0x080027eb   Thumb Code     2  stm32g4xx_hal_uart_ex.o(i.HAL_UARTEx_RxFifoFullCallback)
    HAL_UARTEx_SetRxFifoThreshold            0x080027ed   Thumb Code    76  stm32g4xx_hal_uart_ex.o(i.HAL_UARTEx_SetRxFifoThreshold)
    HAL_UARTEx_SetTxFifoThreshold            0x08002839   Thumb Code    76  stm32g4xx_hal_uart_ex.o(i.HAL_UARTEx_SetTxFifoThreshold)
    HAL_UARTEx_TxFifoEmptyCallback           0x08002885   Thumb Code     2  stm32g4xx_hal_uart_ex.o(i.HAL_UARTEx_TxFifoEmptyCallback)
    HAL_UARTEx_WakeupCallback                0x08002887   Thumb Code     2  stm32g4xx_hal_uart_ex.o(i.HAL_UARTEx_WakeupCallback)
    HAL_UART_ErrorCallback                   0x08002889   Thumb Code     2  stm32g4xx_hal_uart.o(i.HAL_UART_ErrorCallback)
    HAL_UART_IRQHandler                      0x0800288d   Thumb Code   438  stm32g4xx_hal_uart.o(i.HAL_UART_IRQHandler)
    HAL_UART_Init                            0x08002a51   Thumb Code   106  stm32g4xx_hal_uart.o(i.HAL_UART_Init)
    HAL_UART_MspInit                         0x08002abd   Thumb Code   106  bsp_uart.o(i.HAL_UART_MspInit)
    HAL_UART_Receive_IT                      0x08002b31   Thumb Code   234  stm32g4xx_hal_uart.o(i.HAL_UART_Receive_IT)
    HAL_UART_RxCpltCallback                  0x08002c2d   Thumb Code    10  main.o(i.HAL_UART_RxCpltCallback)
    HAL_UART_TxCpltCallback                  0x08002c41   Thumb Code     2  stm32g4xx_hal_uart.o(i.HAL_UART_TxCpltCallback)
    HardFault_Handler                        0x08002c43   Thumb Code     2  stm32g4xx_it.o(i.HardFault_Handler)
    I2CInit                                  0x08002c45   Thumb Code    38  bsp_i2c.o(i.I2CInit)
    I2CReceiveByte                           0x08002c71   Thumb Code    78  bsp_i2c.o(i.I2CReceiveByte)
    I2CSendAck                               0x08002cbf   Thumb Code    48  bsp_i2c.o(i.I2CSendAck)
    I2CSendByte                              0x08002cef   Thumb Code    78  bsp_i2c.o(i.I2CSendByte)
    I2CSendNotAck                            0x08002d3d   Thumb Code    48  bsp_i2c.o(i.I2CSendNotAck)
    I2CStart                                 0x08002d6d   Thumb Code    54  bsp_i2c.o(i.I2CStart)
    I2CStop                                  0x08002da3   Thumb Code    54  bsp_i2c.o(i.I2CStop)
    I2CWaitAck                               0x08002dd9   Thumb Code    78  bsp_i2c.o(i.I2CWaitAck)
    Key1_Proc                                0x08002e29   Thumb Code    32  main.o(i.Key1_Proc)
    Key2_Proc                                0x08002e5d   Thumb Code    54  main.o(i.Key2_Proc)
    Key_Proc                                 0x08002ea9   Thumb Code    90  main.o(i.Key_Proc)
    Key_Scan                                 0x08002f0d   Thumb Code    60  bsp_led_key.o(i.Key_Scan)
    LCD_BusIn                                0x08002f4d   Thumb Code    40  bsp_lcd.o(i.LCD_BusIn)
    LCD_BusOut                               0x08002f79   Thumb Code    42  bsp_lcd.o(i.LCD_BusOut)
    LCD_Clear                                0x08002fa9   Thumb Code    36  bsp_lcd.o(i.LCD_Clear)
    LCD_CtrlLinesConfig                      0x08002fcd   Thumb Code   136  bsp_lcd.o(i.LCD_CtrlLinesConfig)
    LCD_DisplayChar                          0x0800305d   Thumb Code    18  bsp_lcd.o(i.LCD_DisplayChar)
    LCD_DisplayStringLine                    0x08003075   Thumb Code    42  bsp_lcd.o(i.LCD_DisplayStringLine)
    LCD_DrawChar                             0x080030a1   Thumb Code    84  bsp_lcd.o(i.LCD_DrawChar)
    LCD_Init                                 0x080030f9   Thumb Code    46  bsp_lcd.o(i.LCD_Init)
    LCD_ReadReg                              0x0800312d   Thumb Code   120  bsp_lcd.o(i.LCD_ReadReg)
    LCD_SetBackColor                         0x080031ad   Thumb Code    12  bsp_lcd.o(i.LCD_SetBackColor)
    LCD_SetCursor                            0x080031bd   Thumb Code    24  bsp_lcd.o(i.LCD_SetCursor)
    LCD_SetTextColor                         0x080031d5   Thumb Code    12  bsp_lcd.o(i.LCD_SetTextColor)
    LCD_WriteRAM                             0x080031e5   Thumb Code    80  bsp_lcd.o(i.LCD_WriteRAM)
    LCD_WriteRAM_Prepare                     0x0800323d   Thumb Code    82  bsp_lcd.o(i.LCD_WriteRAM_Prepare)
    LCD_WriteReg                             0x08003299   Thumb Code   100  bsp_lcd.o(i.LCD_WriteReg)
    LED_KEY_Init                             0x08003305   Thumb Code   202  bsp_led_key.o(i.LED_KEY_Init)
    Lcd_Proc                                 0x08003435   Thumb Code    50  main.o(i.Lcd_Proc)
    MemManage_Handler                        0x0800347d   Thumb Code     2  stm32g4xx_it.o(i.MemManage_Handler)
    Mpc_Read                                 0x0800347f   Thumb Code    34  bsp_i2c.o(i.Mpc_Read)
    Mpc_Wirte                                0x080034a1   Thumb Code    36  bsp_i2c.o(i.Mpc_Wirte)
    NMI_Handler                              0x080034c5   Thumb Code     2  stm32g4xx_it.o(i.NMI_Handler)
    PWM_IC_TIM8_Init                         0x080034c9   Thumb Code   228  bsp_pwm_in.o(i.PWM_IC_TIM8_Init)
    PendSV_Handler                           0x080035b5   Thumb Code     2  stm32g4xx_it.o(i.PendSV_Handler)
    REG_8230_Init                            0x080035b7   Thumb Code   274  bsp_lcd.o(i.REG_8230_Init)
    REG_932X_Init                            0x080036c9   Thumb Code   514  bsp_lcd.o(i.REG_932X_Init)
    SCL_Output                               0x080038cd   Thumb Code    20  bsp_i2c.o(i.SCL_Output)
    SDA_Input                                0x080038e5   Thumb Code    18  bsp_i2c.o(i.SDA_Input)
    SDA_Input_Mode                           0x080038fd   Thumb Code    40  bsp_i2c.o(i.SDA_Input_Mode)
    SDA_Output                               0x08003929   Thumb Code    20  bsp_i2c.o(i.SDA_Output)
    SDA_Output_Mode                          0x08003941   Thumb Code    40  bsp_i2c.o(i.SDA_Output_Mode)
    SVC_Handler                              0x0800396d   Thumb Code     2  stm32g4xx_it.o(i.SVC_Handler)
    SysTick_Handler                          0x0800396f   Thumb Code     4  stm32g4xx_it.o(i.SysTick_Handler)
    SystemClock_Config                       0x08003975   Thumb Code   152  bsp_rcc.o(i.SystemClock_Config)
    SystemInit                               0x08003a11   Thumb Code    22  system_stm32g4xx.o(i.SystemInit)
    TIM6_DAC_IRQHandler                      0x08003a2d   Thumb Code     6  stm32g4xx_it.o(i.TIM6_DAC_IRQHandler)
    TIM8_CC_IRQHandler                       0x08003a39   Thumb Code     6  stm32g4xx_it.o(i.TIM8_CC_IRQHandler)
    TIM_Base_SetConfig                       0x08003a45   Thumb Code   146  stm32g4xx_hal_tim.o(i.TIM_Base_SetConfig)
    TIM_CCxChannelCmd                        0x08003af5   Thumb Code    26  stm32g4xx_hal_tim.o(i.TIM_CCxChannelCmd)
    TIM_ETR_SetConfig                        0x08003b0f   Thumb Code    20  stm32g4xx_hal_tim.o(i.TIM_ETR_SetConfig)
    TIM_TI1_SetConfig                        0x08003bfd   Thumb Code    88  stm32g4xx_hal_tim.o(i.TIM_TI1_SetConfig)
    UART1_Init                               0x08003cc5   Thumb Code    94  bsp_uart.o(i.UART1_Init)
    UART_AdvFeatureConfig                    0x08003d91   Thumb Code   200  stm32g4xx_hal_uart.o(i.UART_AdvFeatureConfig)
    UART_CheckIdleState                      0x08003e59   Thumb Code    94  stm32g4xx_hal_uart.o(i.UART_CheckIdleState)
    UART_SetConfig                           0x080040f1   Thumb Code   586  stm32g4xx_hal_uart.o(i.UART_SetConfig)
    UART_WaitOnFlagUntilTimeout              0x08004369   Thumb Code   164  stm32g4xx_hal_uart.o(i.UART_WaitOnFlagUntilTimeout)
    USART1_IRQHandler                        0x0800440d   Thumb Code     6  stm32g4xx_it.o(i.USART1_IRQHandler)
    UsageFault_Handler                       0x08004419   Thumb Code     2  stm32g4xx_it.o(i.UsageFault_Handler)
    __0sprintf                               0x0800441d   Thumb Code    34  printfa.o(i.__0sprintf)
    __1sprintf                               0x0800441d   Thumb Code     0  printfa.o(i.__0sprintf)
    __2sprintf                               0x0800441d   Thumb Code     0  printfa.o(i.__0sprintf)
    __c89sprintf                             0x0800441d   Thumb Code     0  printfa.o(i.__0sprintf)
    sprintf                                  0x0800441d   Thumb Code     0  printfa.o(i.__0sprintf)
    __scatterload_copy                       0x08004465   Thumb Code    14  handlers.o(i.__scatterload_copy)
    __scatterload_null                       0x08004473   Thumb Code     2  handlers.o(i.__scatterload_null)
    __scatterload_zeroinit                   0x08004475   Thumb Code    14  handlers.o(i.__scatterload_zeroinit)
    iic_24C02_Read                           0x08004d4d   Thumb Code    82  bsp_i2c.o(i.iic_24C02_Read)
    iic_24C02_Wirte                          0x08004da1   Thumb Code    62  bsp_i2c.o(i.iic_24C02_Wirte)
    main                                     0x08004de1   Thumb Code   102  main.o(i.main)
    ASCII_Table                              0x08004e58   Data        4560  bsp_lcd.o(.constdata)
    UARTPrescTable                           0x08006028   Data          24  stm32g4xx_hal_uart.o(.constdata)
    AHBPrescTable                            0x08006040   Data          16  system_stm32g4xx.o(.constdata)
    APBPrescTable                            0x08006050   Data           8  system_stm32g4xx.o(.constdata)
    Region$$Table$$Base                      0x08006058   Number         0  anon$$obj.o(Region$$Table)
    Region$$Table$$Limit                     0x08006078   Number         0  anon$$obj.o(Region$$Table)
    Key_Val                                  0x20000000   Data           1  main.o(.data)
    Old_Key_Val                              0x20000001   Data           1  main.o(.data)
    Key_Up                                   0x20000002   Data           1  main.o(.data)
    Key_Down                                 0x20000003   Data           1  main.o(.data)
    rx_buffer                                0x20000004   Data           1  main.o(.data)
    PWM_Up_Cnt                               0x20000006   Data           2  main.o(.data)
    PWM_Down_Cnt                             0x20000008   Data           2  main.o(.data)
    myFloat                                  0x2000000c   Data           4  main.o(.data)
    Key_Set_uwTick                           0x20000010   Data           4  main.o(.data)
    LCD_Set_uwTick                           0x20000014   Data           4  main.o(.data)
    Save_buffer                              0x20000018   Data           4  main.o(.data)
    ReadFloat                                0x2000001c   Data           4  main.o(.data)
    Read_buffer                              0x20000020   Data           4  main.o(.data)
    Duty                                     0x20000024   Data           4  main.o(.data)
    dummy                                    0x2000002c   Data           2  bsp_lcd.o(.data)
    uwTickPrio                               0x20000034   Data           4  stm32g4xx_hal.o(.data)
    uwTickFreq                               0x20000038   Data           4  stm32g4xx_hal.o(.data)
    uwTick                                   0x2000003c   Data           4  stm32g4xx_hal.o(.data)
    SystemCoreClock                          0x20000040   Data           4  system_stm32g4xx.o(.data)
    LCD_Str                                  0x20000044   Data          21  main.o(.bss)
    huart1                                   0x2000005c   Data         140  bsp_uart.o(.bss)
    htim6                                    0x200000e8   Data          76  bsp_tim6.o(.bss)
    hadc1                                    0x20000134   Data         108  bsp_adc.o(.bss)
    hadc2                                    0x200001a0   Data         108  bsp_adc.o(.bss)
    htim8                                    0x2000020c   Data          76  bsp_pwm_in.o(.bss)
    __initial_sp                             0x20000658   Data           0  startup_stm32g431xx.o(STACK)



==============================================================================

Memory Map of the image

  Image Entry point : 0x080001d9

  Load Region LR_IROM1 (Base: 0x08000000, Size: 0x000060bc, Max: 0x00020000, ABSOLUTE)

    Execution Region ER_IROM1 (Exec base: 0x08000000, Load base: 0x08000000, Size: 0x00006078, Max: 0x00020000, ABSOLUTE)

    Exec Addr    Load Addr    Size         Type   Attr      Idx    E Section Name        Object

    0x08000000   0x08000000   0x000001d8   Data   RO          446    RESET               startup_stm32g431xx.o
    0x080001d8   0x080001d8   0x00000000   Code   RO         4613  * .ARM.Collect$$$$00000000  mc_w.l(entry.o)
    0x080001d8   0x080001d8   0x00000004   Code   RO         4883    .ARM.Collect$$$$00000001  mc_w.l(entry2.o)
    0x080001dc   0x080001dc   0x00000004   Code   RO         4886    .ARM.Collect$$$$00000004  mc_w.l(entry5.o)
    0x080001e0   0x080001e0   0x00000000   Code   RO         4888    .ARM.Collect$$$$00000008  mc_w.l(entry7b.o)
    0x080001e0   0x080001e0   0x00000000   Code   RO         4890    .ARM.Collect$$$$0000000A  mc_w.l(entry8b.o)
    0x080001e0   0x080001e0   0x00000008   Code   RO         4891    .ARM.Collect$$$$0000000B  mc_w.l(entry9a.o)
    0x080001e8   0x080001e8   0x00000000   Code   RO         4893    .ARM.Collect$$$$0000000D  mc_w.l(entry10a.o)
    0x080001e8   0x080001e8   0x00000000   Code   RO         4895    .ARM.Collect$$$$0000000F  mc_w.l(entry11a.o)
    0x080001e8   0x080001e8   0x00000004   Code   RO         4884    .ARM.Collect$$$$00002712  mc_w.l(entry2.o)
    0x080001ec   0x080001ec   0x00000024   Code   RO          447    .text               startup_stm32g431xx.o
    0x08000210   0x08000210   0x00000062   Code   RO         4616    .text               mc_w.l(uldiv.o)
    0x08000272   0x08000272   0x00000024   Code   RO         4618    .text               mc_w.l(memseta.o)
    0x08000296   0x08000296   0x00000026   Code   RO         4881    .text               mf_w.l(f2d.o)
    0x080002bc   0x080002bc   0x0000002c   Code   RO         4900    .text               mc_w.l(uidiv.o)
    0x080002e8   0x080002e8   0x0000001e   Code   RO         4902    .text               mc_w.l(llshl.o)
    0x08000306   0x08000306   0x00000020   Code   RO         4904    .text               mc_w.l(llushr.o)
    0x08000326   0x08000326   0x00000000   Code   RO         4906    .text               mc_w.l(iusefp.o)
    0x08000326   0x08000326   0x0000014e   Code   RO         4907    .text               mf_w.l(dadd.o)
    0x08000474   0x08000474   0x000000e4   Code   RO         4909    .text               mf_w.l(dmul.o)
    0x08000558   0x08000558   0x000000de   Code   RO         4911    .text               mf_w.l(ddiv.o)
    0x08000636   0x08000636   0x00000030   Code   RO         4913    .text               mf_w.l(dfixul.o)
    0x08000666   0x08000666   0x00000002   PAD
    0x08000668   0x08000668   0x00000030   Code   RO         4915    .text               mf_w.l(cdrcmple.o)
    0x08000698   0x08000698   0x00000024   Code   RO         4917    .text               mc_w.l(init.o)
    0x080006bc   0x080006bc   0x00000024   Code   RO         4920    .text               mc_w.l(llsshr.o)
    0x080006e0   0x080006e0   0x000000ba   Code   RO         4923    .text               mf_w.l(depilogue.o)
    0x0800079a   0x0800079a   0x00000002   PAD
    0x0800079c   0x0800079c   0x00000094   Code   RO          931    i.ADC1_Init         bsp_adc.o
    0x08000830   0x08000830   0x0000007c   Code   RO          932    i.ADC2_Init         bsp_adc.o
    0x080008ac   0x080008ac   0x00000048   Code   RO          895    i.Basic_TIM6_Init   bsp_tim6.o
    0x080008f4   0x080008f4   0x00000002   Code   RO          226    i.BusFault_Handler  stm32g4xx_it.o
    0x080008f6   0x080008f6   0x00000002   Code   RO          227    i.DebugMon_Handler  stm32g4xx_it.o
    0x080008f8   0x080008f8   0x0000001c   Code   RO          562    i.Delay_LCD         bsp_lcd.o
    0x08000914   0x08000914   0x00000004   Code   RO          454    i.Error_Handler     bsp_rcc.o
    0x08000918   0x08000918   0x000000d4   Code   RO         4386    i.HAL_ADCEx_MultiModeConfigChannel  stm32g4xx_hal_adc_ex.o
    0x080009ec   0x080009ec   0x00000420   Code   RO         4138    i.HAL_ADC_ConfigChannel  stm32g4xx_hal_adc.o
    0x08000e0c   0x08000e0c   0x000001f8   Code   RO         4147    i.HAL_ADC_Init      stm32g4xx_hal_adc.o
    0x08001004   0x08001004   0x000000a4   Code   RO          933    i.HAL_ADC_MspInit   bsp_adc.o
    0x080010a8   0x080010a8   0x00000078   Code   RO         3238    i.HAL_DMA_Abort_IT  stm32g4xx_hal_dma.o
    0x08001120   0x08001120   0x00000024   Code   RO         2408    i.HAL_Delay         stm32g4xx_hal.o
    0x08001144   0x08001144   0x000001c8   Code   RO         3099    i.HAL_GPIO_Init     stm32g4xx_hal_gpio.o
    0x0800130c   0x0800130c   0x0000000a   Code   RO         3101    i.HAL_GPIO_ReadPin  stm32g4xx_hal_gpio.o
    0x08001316   0x08001316   0x0000000a   Code   RO         3103    i.HAL_GPIO_WritePin  stm32g4xx_hal_gpio.o
    0x08001320   0x08001320   0x0000000c   Code   RO         2412    i.HAL_GetTick       stm32g4xx_hal.o
    0x0800132c   0x0800132c   0x00000010   Code   RO         2415    i.HAL_IncTick       stm32g4xx_hal.o
    0x0800133c   0x0800133c   0x0000001e   Code   RO         2416    i.HAL_Init          stm32g4xx_hal.o
    0x0800135a   0x0800135a   0x00000002   PAD
    0x0800135c   0x0800135c   0x00000044   Code   RO         2417    i.HAL_InitTick      stm32g4xx_hal.o
    0x080013a0   0x080013a0   0x00000030   Code   RO          319    i.HAL_MspInit       stm32g4xx_hal_msp.o
    0x080013d0   0x080013d0   0x0000001a   Code   RO         3506    i.HAL_NVIC_EnableIRQ  stm32g4xx_hal_cortex.o
    0x080013ea   0x080013ea   0x00000002   PAD
    0x080013ec   0x080013ec   0x00000040   Code   RO         3512    i.HAL_NVIC_SetPriority  stm32g4xx_hal_cortex.o
    0x0800142c   0x0800142c   0x00000024   Code   RO         3513    i.HAL_NVIC_SetPriorityGrouping  stm32g4xx_hal_cortex.o
    0x08001450   0x08001450   0x000000bc   Code   RO         2162    i.HAL_PWREx_ControlVoltageScaling  stm32g4xx_hal_pwr_ex.o
    0x0800150c   0x0800150c   0x00000010   Code   RO         2174    i.HAL_PWREx_DisableUCPDDeadBattery  stm32g4xx_hal_pwr_ex.o
    0x0800151c   0x0800151c   0x00000288   Code   RO         2761    i.HAL_RCCEx_PeriphCLKConfig  stm32g4xx_hal_rcc_ex.o
    0x080017a4   0x080017a4   0x000001dc   Code   RO         2636    i.HAL_RCC_ClockConfig  stm32g4xx_hal_rcc.o
    0x08001980   0x08001980   0x00000024   Code   RO         2644    i.HAL_RCC_GetPCLK1Freq  stm32g4xx_hal_rcc.o
    0x080019a4   0x080019a4   0x00000024   Code   RO         2645    i.HAL_RCC_GetPCLK2Freq  stm32g4xx_hal_rcc.o
    0x080019c8   0x080019c8   0x00000070   Code   RO         2646    i.HAL_RCC_GetSysClockFreq  stm32g4xx_hal_rcc.o
    0x08001a38   0x08001a38   0x0000040c   Code   RO         2649    i.HAL_RCC_OscConfig  stm32g4xx_hal_rcc.o
    0x08001e44   0x08001e44   0x00000028   Code   RO         3517    i.HAL_SYSTICK_Config  stm32g4xx_hal_cortex.o
    0x08001e6c   0x08001e6c   0x00000002   Code   RO         1732    i.HAL_TIMEx_Break2Callback  stm32g4xx_hal_tim_ex.o
    0x08001e6e   0x08001e6e   0x00000002   Code   RO         1733    i.HAL_TIMEx_BreakCallback  stm32g4xx_hal_tim_ex.o
    0x08001e70   0x08001e70   0x00000002   Code   RO         1734    i.HAL_TIMEx_CommutCallback  stm32g4xx_hal_tim_ex.o
    0x08001e72   0x08001e72   0x00000002   PAD
    0x08001e74   0x08001e74   0x000000ac   Code   RO         1737    i.HAL_TIMEx_ConfigBreakDeadTime  stm32g4xx_hal_tim_ex.o
    0x08001f20   0x08001f20   0x00000002   Code   RO         1745    i.HAL_TIMEx_DirectionChangeCallback  stm32g4xx_hal_tim_ex.o
    0x08001f22   0x08001f22   0x00000002   Code   RO         1759    i.HAL_TIMEx_EncoderIndexCallback  stm32g4xx_hal_tim_ex.o
    0x08001f24   0x08001f24   0x00000002   Code   RO         1773    i.HAL_TIMEx_IndexErrorCallback  stm32g4xx_hal_tim_ex.o
    0x08001f26   0x08001f26   0x00000002   PAD
    0x08001f28   0x08001f28   0x0000009c   Code   RO         1774    i.HAL_TIMEx_MasterConfigSynchronization  stm32g4xx_hal_tim_ex.o
    0x08001fc4   0x08001fc4   0x00000002   Code   RO         1795    i.HAL_TIMEx_TransitionErrorCallback  stm32g4xx_hal_tim_ex.o
    0x08001fc6   0x08001fc6   0x00000062   Code   RO         1018    i.HAL_TIM_Base_Init  stm32g4xx_hal_tim.o
    0x08002028   0x08002028   0x00000098   Code   RO          896    i.HAL_TIM_Base_MspInit  bsp_tim6.o
    0x080020c0   0x080020c0   0x00000078   Code   RO         1023    i.HAL_TIM_Base_Start_IT  stm32g4xx_hal_tim.o
    0x08002138   0x08002138   0x000000f8   Code   RO         1027    i.HAL_TIM_ConfigClockSource  stm32g4xx_hal_tim.o
    0x08002230   0x08002230   0x0000005c   Code   RO            4    i.HAL_TIM_IC_CaptureCallback  main.o
    0x0800228c   0x0800228c   0x0000010e   Code   RO         1054    i.HAL_TIM_IC_ConfigChannel  stm32g4xx_hal_tim.o
    0x0800239a   0x0800239a   0x00000062   Code   RO         1057    i.HAL_TIM_IC_Init   stm32g4xx_hal_tim.o
    0x080023fc   0x080023fc   0x00000002   Code   RO         1059    i.HAL_TIM_IC_MspInit  stm32g4xx_hal_tim.o
    0x080023fe   0x080023fe   0x00000002   PAD
    0x08002400   0x08002400   0x00000128   Code   RO         1062    i.HAL_TIM_IC_Start_IT  stm32g4xx_hal_tim.o
    0x08002528   0x08002528   0x000001fc   Code   RO         1066    i.HAL_TIM_IRQHandler  stm32g4xx_hal_tim.o
    0x08002724   0x08002724   0x00000002   Code   RO         1069    i.HAL_TIM_OC_DelayElapsedCallback  stm32g4xx_hal_tim.o
    0x08002726   0x08002726   0x00000002   Code   RO         1096    i.HAL_TIM_PWM_PulseFinishedCallback  stm32g4xx_hal_tim.o
    0x08002728   0x08002728   0x00000002   Code   RO            5    i.HAL_TIM_PeriodElapsedCallback  main.o
    0x0800272a   0x0800272a   0x0000002a   Code   RO         1106    i.HAL_TIM_ReadCapturedValue  stm32g4xx_hal_tim.o
    0x08002754   0x08002754   0x00000056   Code   RO         1107    i.HAL_TIM_SlaveConfigSynchro  stm32g4xx_hal_tim.o
    0x080027aa   0x080027aa   0x00000002   Code   RO         1109    i.HAL_TIM_TriggerCallback  stm32g4xx_hal_tim.o
    0x080027ac   0x080027ac   0x0000003e   Code   RO         4038    i.HAL_UARTEx_DisableFifoMode  stm32g4xx_hal_uart_ex.o
    0x080027ea   0x080027ea   0x00000002   Code   RO         4042    i.HAL_UARTEx_RxFifoFullCallback  stm32g4xx_hal_uart_ex.o
    0x080027ec   0x080027ec   0x0000004c   Code   RO         4043    i.HAL_UARTEx_SetRxFifoThreshold  stm32g4xx_hal_uart_ex.o
    0x08002838   0x08002838   0x0000004c   Code   RO         4044    i.HAL_UARTEx_SetTxFifoThreshold  stm32g4xx_hal_uart_ex.o
    0x08002884   0x08002884   0x00000002   Code   RO         4046    i.HAL_UARTEx_TxFifoEmptyCallback  stm32g4xx_hal_uart_ex.o
    0x08002886   0x08002886   0x00000002   Code   RO         4047    i.HAL_UARTEx_WakeupCallback  stm32g4xx_hal_uart_ex.o
    0x08002888   0x08002888   0x00000002   Code   RO         3660    i.HAL_UART_ErrorCallback  stm32g4xx_hal_uart.o
    0x0800288a   0x0800288a   0x00000002   PAD
    0x0800288c   0x0800288c   0x000001c4   Code   RO         3663    i.HAL_UART_IRQHandler  stm32g4xx_hal_uart.o
    0x08002a50   0x08002a50   0x0000006a   Code   RO         3664    i.HAL_UART_Init     stm32g4xx_hal_uart.o
    0x08002aba   0x08002aba   0x00000002   PAD
    0x08002abc   0x08002abc   0x00000074   Code   RO          526    i.HAL_UART_MspInit  bsp_uart.o
    0x08002b30   0x08002b30   0x000000fc   Code   RO         3669    i.HAL_UART_Receive_IT  stm32g4xx_hal_uart.o
    0x08002c2c   0x08002c2c   0x00000014   Code   RO            6    i.HAL_UART_RxCpltCallback  main.o
    0x08002c40   0x08002c40   0x00000002   Code   RO         3676    i.HAL_UART_TxCpltCallback  stm32g4xx_hal_uart.o
    0x08002c42   0x08002c42   0x00000002   Code   RO          228    i.HardFault_Handler  stm32g4xx_it.o
    0x08002c44   0x08002c44   0x0000002c   Code   RO          771    i.I2CInit           bsp_i2c.o
    0x08002c70   0x08002c70   0x0000004e   Code   RO          772    i.I2CReceiveByte    bsp_i2c.o
    0x08002cbe   0x08002cbe   0x00000030   Code   RO          773    i.I2CSendAck        bsp_i2c.o
    0x08002cee   0x08002cee   0x0000004e   Code   RO          774    i.I2CSendByte       bsp_i2c.o
    0x08002d3c   0x08002d3c   0x00000030   Code   RO          775    i.I2CSendNotAck     bsp_i2c.o
    0x08002d6c   0x08002d6c   0x00000036   Code   RO          776    i.I2CStart          bsp_i2c.o
    0x08002da2   0x08002da2   0x00000036   Code   RO          777    i.I2CStop           bsp_i2c.o
    0x08002dd8   0x08002dd8   0x0000004e   Code   RO          778    i.I2CWaitAck        bsp_i2c.o
    0x08002e26   0x08002e26   0x00000002   PAD
    0x08002e28   0x08002e28   0x00000034   Code   RO            7    i.Key1_Proc         main.o
    0x08002e5c   0x08002e5c   0x0000004c   Code   RO            8    i.Key2_Proc         main.o
    0x08002ea8   0x08002ea8   0x00000064   Code   RO           11    i.Key_Proc          main.o
    0x08002f0c   0x08002f0c   0x00000040   Code   RO          487    i.Key_Scan          bsp_led_key.o
    0x08002f4c   0x08002f4c   0x0000002c   Code   RO          563    i.LCD_BusIn         bsp_lcd.o
    0x08002f78   0x08002f78   0x00000030   Code   RO          564    i.LCD_BusOut        bsp_lcd.o
    0x08002fa8   0x08002fa8   0x00000024   Code   RO          565    i.LCD_Clear         bsp_lcd.o
    0x08002fcc   0x08002fcc   0x00000090   Code   RO          567    i.LCD_CtrlLinesConfig  bsp_lcd.o
    0x0800305c   0x0800305c   0x00000018   Code   RO          568    i.LCD_DisplayChar   bsp_lcd.o
    0x08003074   0x08003074   0x0000002a   Code   RO          571    i.LCD_DisplayStringLine  bsp_lcd.o
    0x0800309e   0x0800309e   0x00000002   PAD
    0x080030a0   0x080030a0   0x00000058   Code   RO          572    i.LCD_DrawChar      bsp_lcd.o
    0x080030f8   0x080030f8   0x00000034   Code   RO          578    i.LCD_Init          bsp_lcd.o
    0x0800312c   0x0800312c   0x00000080   Code   RO          581    i.LCD_ReadReg       bsp_lcd.o
    0x080031ac   0x080031ac   0x00000010   Code   RO          582    i.LCD_SetBackColor  bsp_lcd.o
    0x080031bc   0x080031bc   0x00000018   Code   RO          583    i.LCD_SetCursor     bsp_lcd.o
    0x080031d4   0x080031d4   0x00000010   Code   RO          585    i.LCD_SetTextColor  bsp_lcd.o
    0x080031e4   0x080031e4   0x00000058   Code   RO          588    i.LCD_WriteRAM      bsp_lcd.o
    0x0800323c   0x0800323c   0x0000005c   Code   RO          589    i.LCD_WriteRAM_Prepare  bsp_lcd.o
    0x08003298   0x08003298   0x0000006c   Code   RO          590    i.LCD_WriteReg      bsp_lcd.o
    0x08003304   0x08003304   0x000000dc   Code   RO          489    i.LED_KEY_Init      bsp_led_key.o
    0x080033e0   0x080033e0   0x0000000c   Code   RO         4161    i.LL_ADC_GetOffsetChannel  stm32g4xx_hal_adc.o
    0x080033ec   0x080033ec   0x00000008   Code   RO         4162    i.LL_ADC_INJ_IsConversionOngoing  stm32g4xx_hal_adc.o
    0x080033f4   0x080033f4   0x00000008   Code   RO         4163    i.LL_ADC_REG_IsConversionOngoing  stm32g4xx_hal_adc.o
    0x080033fc   0x080033fc   0x00000008   Code   RO         4396    i.LL_ADC_REG_IsConversionOngoing  stm32g4xx_hal_adc_ex.o
    0x08003404   0x08003404   0x0000001e   Code   RO         4166    i.LL_ADC_SetChannelSamplingTime  stm32g4xx_hal_adc.o
    0x08003422   0x08003422   0x00000010   Code   RO         4167    i.LL_ADC_SetOffsetState  stm32g4xx_hal_adc.o
    0x08003432   0x08003432   0x00000002   PAD
    0x08003434   0x08003434   0x00000048   Code   RO           12    i.Lcd_Proc          main.o
    0x0800347c   0x0800347c   0x00000002   Code   RO          229    i.MemManage_Handler  stm32g4xx_it.o
    0x0800347e   0x0800347e   0x00000022   Code   RO          779    i.Mpc_Read          bsp_i2c.o
    0x080034a0   0x080034a0   0x00000024   Code   RO          780    i.Mpc_Wirte         bsp_i2c.o
    0x080034c4   0x080034c4   0x00000002   Code   RO          230    i.NMI_Handler       stm32g4xx_it.o
    0x080034c6   0x080034c6   0x00000002   PAD
    0x080034c8   0x080034c8   0x000000ec   Code   RO          986    i.PWM_IC_TIM8_Init  bsp_pwm_in.o
    0x080035b4   0x080035b4   0x00000002   Code   RO          231    i.PendSV_Handler    stm32g4xx_it.o
    0x080035b6   0x080035b6   0x00000112   Code   RO          591    i.REG_8230_Init     bsp_lcd.o
    0x080036c8   0x080036c8   0x00000202   Code   RO          592    i.REG_932X_Init     bsp_lcd.o
    0x080038ca   0x080038ca   0x00000002   PAD
    0x080038cc   0x080038cc   0x00000018   Code   RO          781    i.SCL_Output        bsp_i2c.o
    0x080038e4   0x080038e4   0x00000018   Code   RO          782    i.SDA_Input         bsp_i2c.o
    0x080038fc   0x080038fc   0x0000002c   Code   RO          783    i.SDA_Input_Mode    bsp_i2c.o
    0x08003928   0x08003928   0x00000018   Code   RO          784    i.SDA_Output        bsp_i2c.o
    0x08003940   0x08003940   0x0000002c   Code   RO          785    i.SDA_Output_Mode   bsp_i2c.o
    0x0800396c   0x0800396c   0x00000002   Code   RO          232    i.SVC_Handler       stm32g4xx_it.o
    0x0800396e   0x0800396e   0x00000004   Code   RO          233    i.SysTick_Handler   stm32g4xx_it.o
    0x08003972   0x08003972   0x00000002   PAD
    0x08003974   0x08003974   0x0000009c   Code   RO          455    i.SystemClock_Config  bsp_rcc.o
    0x08003a10   0x08003a10   0x0000001c   Code   RO         4579    i.SystemInit        system_stm32g4xx.o
    0x08003a2c   0x08003a2c   0x0000000c   Code   RO          234    i.TIM6_DAC_IRQHandler  stm32g4xx_it.o
    0x08003a38   0x08003a38   0x0000000c   Code   RO          235    i.TIM8_CC_IRQHandler  stm32g4xx_it.o
    0x08003a44   0x08003a44   0x000000b0   Code   RO         1111    i.TIM_Base_SetConfig  stm32g4xx_hal_tim.o
    0x08003af4   0x08003af4   0x0000001a   Code   RO         1112    i.TIM_CCxChannelCmd  stm32g4xx_hal_tim.o
    0x08003b0e   0x08003b0e   0x00000014   Code   RO         1122    i.TIM_ETR_SetConfig  stm32g4xx_hal_tim.o
    0x08003b22   0x08003b22   0x00000002   PAD
    0x08003b24   0x08003b24   0x00000014   Code   RO         1123    i.TIM_ITRx_SetConfig  stm32g4xx_hal_tim.o
    0x08003b38   0x08003b38   0x000000a0   Code   RO         1130    i.TIM_SlaveTimer_SetConfig  stm32g4xx_hal_tim.o
    0x08003bd8   0x08003bd8   0x00000022   Code   RO         1131    i.TIM_TI1_ConfigInputStage  stm32g4xx_hal_tim.o
    0x08003bfa   0x08003bfa   0x00000002   PAD
    0x08003bfc   0x08003bfc   0x0000006c   Code   RO         1132    i.TIM_TI1_SetConfig  stm32g4xx_hal_tim.o
    0x08003c68   0x08003c68   0x00000024   Code   RO         1133    i.TIM_TI2_ConfigInputStage  stm32g4xx_hal_tim.o
    0x08003c8c   0x08003c8c   0x00000036   Code   RO         1134    i.TIM_TI2_SetConfig  stm32g4xx_hal_tim.o
    0x08003cc2   0x08003cc2   0x00000002   PAD
    0x08003cc4   0x08003cc4   0x00000068   Code   RO          527    i.UART1_Init        bsp_uart.o
    0x08003d2c   0x08003d2c   0x00000064   Code   RO         4048    i.UARTEx_SetNbDataToProcess  stm32g4xx_hal_uart_ex.o
    0x08003d90   0x08003d90   0x000000c8   Code   RO         3678    i.UART_AdvFeatureConfig  stm32g4xx_hal_uart.o
    0x08003e58   0x08003e58   0x0000005e   Code   RO         3679    i.UART_CheckIdleState  stm32g4xx_hal_uart.o
    0x08003eb6   0x08003eb6   0x00000014   Code   RO         3680    i.UART_DMAAbortOnError  stm32g4xx_hal_uart.o
    0x08003eca   0x08003eca   0x00000002   PAD
    0x08003ecc   0x08003ecc   0x00000024   Code   RO         3690    i.UART_EndRxTransfer  stm32g4xx_hal_uart.o
    0x08003ef0   0x08003ef0   0x0000005e   Code   RO         3692    i.UART_RxISR_16BIT  stm32g4xx_hal_uart.o
    0x08003f4e   0x08003f4e   0x00000002   PAD
    0x08003f50   0x08003f50   0x000000a0   Code   RO         3693    i.UART_RxISR_16BIT_FIFOEN  stm32g4xx_hal_uart.o
    0x08003ff0   0x08003ff0   0x0000005e   Code   RO         3694    i.UART_RxISR_8BIT   stm32g4xx_hal_uart.o
    0x0800404e   0x0800404e   0x00000002   PAD
    0x08004050   0x08004050   0x000000a0   Code   RO         3695    i.UART_RxISR_8BIT_FIFOEN  stm32g4xx_hal_uart.o
    0x080040f0   0x080040f0   0x00000278   Code   RO         3696    i.UART_SetConfig    stm32g4xx_hal_uart.o
    0x08004368   0x08004368   0x000000a4   Code   RO         3701    i.UART_WaitOnFlagUntilTimeout  stm32g4xx_hal_uart.o
    0x0800440c   0x0800440c   0x0000000c   Code   RO          236    i.USART1_IRQHandler  stm32g4xx_it.o
    0x08004418   0x08004418   0x00000002   Code   RO          237    i.UsageFault_Handler  stm32g4xx_it.o
    0x0800441a   0x0800441a   0x00000002   PAD
    0x0800441c   0x0800441c   0x00000028   Code   RO         4855    i.__0sprintf        mc_w.l(printfa.o)
    0x08004444   0x08004444   0x00000020   Code   RO         3519    i.__NVIC_SetPriority  stm32g4xx_hal_cortex.o
    0x08004464   0x08004464   0x0000000e   Code   RO         4927    i.__scatterload_copy  mc_w.l(handlers.o)
    0x08004472   0x08004472   0x00000002   Code   RO         4928    i.__scatterload_null  mc_w.l(handlers.o)
    0x08004474   0x08004474   0x0000000e   Code   RO         4929    i.__scatterload_zeroinit  mc_w.l(handlers.o)
    0x08004482   0x08004482   0x00000002   PAD
    0x08004484   0x08004484   0x00000184   Code   RO         4860    i._fp_digits        mc_w.l(printfa.o)
    0x08004608   0x08004608   0x000006dc   Code   RO         4861    i._printf_core      mc_w.l(printfa.o)
    0x08004ce4   0x08004ce4   0x00000024   Code   RO         4862    i._printf_post_padding  mc_w.l(printfa.o)
    0x08004d08   0x08004d08   0x0000002e   Code   RO         4863    i._printf_pre_padding  mc_w.l(printfa.o)
    0x08004d36   0x08004d36   0x0000000a   Code   RO         4865    i._sputc            mc_w.l(printfa.o)
    0x08004d40   0x08004d40   0x0000000c   Code   RO          786    i.delay1            bsp_i2c.o
    0x08004d4c   0x08004d4c   0x00000052   Code   RO          787    i.iic_24C02_Read    bsp_i2c.o
    0x08004d9e   0x08004d9e   0x00000002   PAD
    0x08004da0   0x08004da0   0x0000003e   Code   RO          788    i.iic_24C02_Wirte   bsp_i2c.o
    0x08004dde   0x08004dde   0x00000002   PAD
    0x08004de0   0x08004de0   0x00000078   Code   RO           13    i.main              main.o
    0x08004e58   0x08004e58   0x000011d0   Data   RO          593    .constdata          bsp_lcd.o
    0x08006028   0x08006028   0x00000018   Data   RO         3702    .constdata          stm32g4xx_hal_uart.o
    0x08006040   0x08006040   0x00000010   Data   RO         4580    .constdata          system_stm32g4xx.o
    0x08006050   0x08006050   0x00000008   Data   RO         4581    .constdata          system_stm32g4xx.o
    0x08006058   0x08006058   0x00000020   Data   RO         4925    Region$$Table       anon$$obj.o


    Execution Region RW_IRAM1 (Exec base: 0x20000000, Load base: 0x08006078, Size: 0x00000658, Max: 0x00008000, ABSOLUTE)

    Exec Addr    Load Addr    Size         Type   Attr      Idx    E Section Name        Object

    0x20000000   0x08006078   0x00000028   Data   RW           15    .data               main.o
    0x20000028   0x080060a0   0x00000006   Data   RW          594    .data               bsp_lcd.o
    0x2000002e   0x080060a6   0x00000002   PAD
    0x20000030   0x080060a8   0x00000004   Data   RW          937    .data               bsp_adc.o
    0x20000034   0x080060ac   0x0000000c   Data   RW         2436    .data               stm32g4xx_hal.o
    0x20000040   0x080060b8   0x00000004   Data   RW         4582    .data               system_stm32g4xx.o
    0x20000044        -       0x00000015   Zero   RW           14    .bss                main.o
    0x20000059   0x080060bc   0x00000003   PAD
    0x2000005c        -       0x0000008c   Zero   RW          528    .bss                bsp_uart.o
    0x200000e8        -       0x0000004c   Zero   RW          897    .bss                bsp_tim6.o
    0x20000134        -       0x000000d8   Zero   RW          936    .bss                bsp_adc.o
    0x2000020c        -       0x0000004c   Zero   RW          987    .bss                bsp_pwm_in.o
    0x20000258        -       0x00000400   Zero   RW          444    STACK               startup_stm32g431xx.o


==============================================================================

Image component sizes


      Code (inc. data)   RO Data    RW Data    ZI Data      Debug   Object Name

       436         40          0          4        216       2572   bsp_adc.o
       868         28          0          0          0      10367   bsp_i2c.o
      1766         76       4560          6          0      13578   bsp_lcd.o
       284         22          0          0          0       1614   bsp_led_key.o
       236          8          0          0         76       1019   bsp_pwm_in.o
       160          4          0          0          0       1517   bsp_rcc.o
       224         22          0          0         76       1853   bsp_tim6.o
       220         20          0          0        140       1761   bsp_uart.o
       534        116          0         40         21     533862   main.o
        36          8        472          0       1024        792   startup_stm32g431xx.o
       162         24          0         12          0       4269   stm32g4xx_hal.o
      1634         84          0          0          0      72995   stm32g4xx_hal_adc.o
       220          8          0          0          0      67623   stm32g4xx_hal_adc_ex.o
       198         14          0          0          0      33807   stm32g4xx_hal_cortex.o
       120          0          0          0          0       1187   stm32g4xx_hal_dma.o
       476         34          0          0          0       3071   stm32g4xx_hal_gpio.o
        48          6          0          0          0     671191   stm32g4xx_hal_msp.o
       204         18          0          0          0       1389   stm32g4xx_hal_pwr_ex.o
      1696         92          0          0          0       5928   stm32g4xx_hal_rcc.o
       648         10          0          0          0       1860   stm32g4xx_hal_rcc_ex.o
      2408        134          0          0          0      17661   stm32g4xx_hal_tim.o
       342         32          0          0          0       6244   stm32g4xx_hal_tim_ex.o
      2468        118         24          0          0      31645   stm32g4xx_hal_uart.o
       320         18          0          0          0       5282   stm32g4xx_hal_uart_ex.o
        56         18          0          0          0       5257   stm32g4xx_it.o
        28          6         24          4          0       1111   system_stm32g4xx.o

    ----------------------------------------------------------------------
     15836        960       5112         68       1556    1499455   Object Totals
         0          0         32          0          0          0   (incl. Generated)
        44          0          0          2          3          0   (incl. Padding)

    ----------------------------------------------------------------------

      Code (inc. data)   RO Data    RW Data    ZI Data      Debug   Library Member Name

         0          0          0          0          0          0   entry.o
         0          0          0          0          0          0   entry10a.o
         0          0          0          0          0          0   entry11a.o
         8          4          0          0          0          0   entry2.o
         4          0          0          0          0          0   entry5.o
         0          0          0          0          0          0   entry7b.o
         0          0          0          0          0          0   entry8b.o
         8          4          0          0          0          0   entry9a.o
        30          0          0          0          0          0   handlers.o
        36          8          0          0          0         68   init.o
         0          0          0          0          0          0   iusefp.o
        30          0          0          0          0         68   llshl.o
        36          0          0          0          0         68   llsshr.o
        32          0          0          0          0         68   llushr.o
        36          0          0          0          0        108   memseta.o
      2276         86          0          0          0        520   printfa.o
        44          0          0          0          0         80   uidiv.o
        98          0          0          0          0         92   uldiv.o
        48          0          0          0          0         68   cdrcmple.o
       334          0          0          0          0        148   dadd.o
       222          0          0          0          0        100   ddiv.o
       186          0          0          0          0        176   depilogue.o
        48          0          0          0          0         68   dfixul.o
       228          0          0          0          0         96   dmul.o
        38          0          0          0          0         68   f2d.o

    ----------------------------------------------------------------------
      3748        102          0          0          0       1796   Library Totals
         6          0          0          0          0          0   (incl. Padding)

    ----------------------------------------------------------------------

      Code (inc. data)   RO Data    RW Data    ZI Data      Debug   Library Name

      2638        102          0          0          0       1072   mc_w.l
      1104          0          0          0          0        724   mf_w.l

    ----------------------------------------------------------------------
      3748        102          0          0          0       1796   Library Totals

    ----------------------------------------------------------------------

==============================================================================


      Code (inc. data)   RO Data    RW Data    ZI Data      Debug   

     19584       1062       5112         68       1556    1485971   Grand Totals
     19584       1062       5112         68       1556    1485971   ELF Image Totals
     19584       1062       5112         68          0          0   ROM Totals

==============================================================================

    Total RO  Size (Code + RO Data)                24696 (  24.12kB)
    Total RW  Size (RW Data + ZI Data)              1624 (   1.59kB)
    Total ROM Size (Code + RO Data + RW Data)      24764 (  24.18kB)

==============================================================================

